src/app/(dashboard)/profile/[username]/page.tsx(203,25): error TS2353: Object literal may only specify known properties, and 'textColor' does not exist in type 'Partial<{ id: string; name: string; description: string | null; priceMonth: number | null; stripePriceId: string | null; features: string | null; color: string | null; weight: number | null; showInStore: boolean | null; createdAt: Date; updatedAt: Date; }> & { ...; }'.
src/app/api/admin/donor-ranks/[id]/route.ts(55,9): error TS2353: Object literal may only specify known properties, and 'minAmount' does not exist in type '{ id?: string | SQL<unknown> | SQLiteColumn<ColumnBaseConfig<ColumnDataType, string>, {}, {}> | undefined; name?: string | SQL<...> | SQLiteColumn<...> | undefined; ... 8 more ...; updatedAt?: SQL<...> | ... 2 more ... | undefined; }'.
src/app/api/admin/forum/categories/[id]/route.ts(69,9): error TS2353: Object literal may only specify known properties, and 'orderIndex' does not exist in type '{ name?: string | SQL<unknown> | SQLiteColumn<ColumnBaseConfig<ColumnDataType, string>, {}, {}> | undefined; slug?: string | SQL<...> | SQLiteColumn<...> | undefined; ... 9 more ...; isPrivate?: boolean | ... 3 more ... | undefined; }'.
src/app/api/admin/forum/categories/[id]/route.ts(69,70): error TS2339: Property 'orderIndex' does not exist on type '{ id: number; name: string; slug: string; description: string | null; icon: string | null; color: string | null; order: number | null; parentId: number | null; minRole: "user" | "moderator" | "admin" | "superadmin" | null; isPrivate: boolean | null; createdAt: Date; updatedAt: Date; }'.
src/app/api/admin/forum/categories/[id]/route.ts(70,56): error TS2339: Property 'createPermission' does not exist on type '{ id: number; name: string; slug: string; description: string | null; icon: string | null; color: string | null; order: number | null; parentId: number | null; minRole: "user" | "moderator" | "admin" | "superadmin" | null; isPrivate: boolean | null; createdAt: Date; updatedAt: Date; }'.
src/app/api/admin/forum/categories/[id]/route.ts(71,54): error TS2339: Property 'replyPermission' does not exist on type '{ id: number; name: string; slug: string; description: string | null; icon: string | null; color: string | null; order: number | null; parentId: number | null; minRole: "user" | "moderator" | "admin" | "superadmin" | null; isPrivate: boolean | null; createdAt: Date; updatedAt: Date; }'.
src/app/api/admin/forum/categories/[id]/route.ts(72,52): error TS2339: Property 'viewPermission' does not exist on type '{ id: number; name: string; slug: string; description: string | null; icon: string | null; color: string | null; order: number | null; parentId: number | null; minRole: "user" | "moderator" | "admin" | "superadmin" | null; isPrivate: boolean | null; createdAt: Date; updatedAt: Date; }'.
src/app/api/admin/forum/categories/reorder/route.ts(37,28): error TS2353: Object literal may only specify known properties, and 'orderIndex' does not exist in type '{ name?: string | SQL<unknown> | SQLiteColumn<ColumnBaseConfig<ColumnDataType, string>, {}, {}> | undefined; slug?: string | SQL<...> | SQLiteColumn<...> | undefined; ... 9 more ...; isPrivate?: boolean | ... 3 more ... | undefined; }'.
src/app/api/admin/forum/categories/route.ts(31,37): error TS2339: Property 'orderIndex' does not exist on type 'SQLiteTableWithColumns<{ name: "forum_categories"; schema: undefined; columns: { id: SQLiteColumn<{ name: "id"; tableName: "forum_categories"; dataType: "number"; columnType: "SQLiteInteger"; data: number; driverParam: number; ... 8 more ...; generated: undefined; }, {}, {}>; ... 10 more ...; updatedAt: SQLiteColumn...'.
src/app/api/admin/forum/categories/route.ts(32,43): error TS2339: Property 'createPermission' does not exist on type 'SQLiteTableWithColumns<{ name: "forum_categories"; schema: undefined; columns: { id: SQLiteColumn<{ name: "id"; tableName: "forum_categories"; dataType: "number"; columnType: "SQLiteInteger"; data: number; driverParam: number; ... 8 more ...; generated: undefined; }, {}, {}>; ... 10 more ...; updatedAt: SQLiteColumn...'.
src/app/api/admin/forum/categories/route.ts(33,42): error TS2339: Property 'replyPermission' does not exist on type 'SQLiteTableWithColumns<{ name: "forum_categories"; schema: undefined; columns: { id: SQLiteColumn<{ name: "id"; tableName: "forum_categories"; dataType: "number"; columnType: "SQLiteInteger"; data: number; driverParam: number; ... 8 more ...; generated: undefined; }, {}, {}>; ... 10 more ...; updatedAt: SQLiteColumn...'.
src/app/api/admin/forum/categories/route.ts(34,41): error TS2339: Property 'viewPermission' does not exist on type 'SQLiteTableWithColumns<{ name: "forum_categories"; schema: undefined; columns: { id: SQLiteColumn<{ name: "id"; tableName: "forum_categories"; dataType: "number"; columnType: "SQLiteInteger"; data: number; driverParam: number; ... 8 more ...; generated: undefined; }, {}, {}>; ... 10 more ...; updatedAt: SQLiteColumn...'.
src/app/api/admin/forum/categories/route.ts(39,36): error TS2339: Property 'orderIndex' does not exist on type 'SQLiteTableWithColumns<{ name: "forum_categories"; schema: undefined; columns: { id: SQLiteColumn<{ name: "id"; tableName: "forum_categories"; dataType: "number"; columnType: "SQLiteInteger"; data: number; driverParam: number; ... 8 more ...; generated: undefined; }, {}, {}>; ... 10 more ...; updatedAt: SQLiteColumn...'.
src/app/api/admin/forum/categories/route.ts(88,8): error TS2769: No overload matches this call.
  Overload 1 of 2, '(value: { name: string | SQL<unknown> | Placeholder<string, any>; slug: string | SQL<unknown> | Placeholder<string, any>; id?: number | SQL<unknown> | Placeholder<string, any> | undefined; ... 8 more ...; isPrivate?: boolean | ... 3 more ... | undefined; }): SQLiteInsertBase<...>', gave the following error.
    Object literal may only specify known properties, and 'orderIndex' does not exist in type '{ name: string | SQL<unknown> | Placeholder<string, any>; slug: string | SQL<unknown> | Placeholder<string, any>; id?: number | SQL<unknown> | Placeholder<string, any> | undefined; ... 8 more ...; isPrivate?: boolean | ... 3 more ... | undefined; }'.
  Overload 2 of 2, '(values: { name: string | SQL<unknown> | Placeholder<string, any>; slug: string | SQL<unknown> | Placeholder<string, any>; id?: number | SQL<unknown> | Placeholder<string, any> | undefined; ... 8 more ...; isPrivate?: boolean | ... 3 more ... | undefined; }[]): SQLiteInsertBase<...>', gave the following error.
    Object literal may only specify known properties, and 'name' does not exist in type '{ name: string | SQL<unknown> | Placeholder<string, any>; slug: string | SQL<unknown> | Placeholder<string, any>; id?: number | SQL<unknown> | Placeholder<string, any> | undefined; ... 8 more ...; isPrivate?: boolean | ... 3 more ... | undefined; }[]'.
src/app/api/admin/moderation/reports/[id]/route.ts(42,17): error TS2353: Object literal may only specify known properties, and 'reviewedBy' does not exist in type '{ reporterId?: number | SQL<unknown> | SQLiteColumn<ColumnBaseConfig<ColumnDataType, string>, {}, {}> | undefined; contentType?: string | ... 2 more ... | undefined; ... 8 more ...; resolvedAt?: SQL<...> | ... 3 more ... | undefined; }'.
src/app/api/admin/moderation/route.ts(33,38): error TS2551: Property 'locked' does not exist on type 'SQLiteTableWithColumns<{ name: "forum_posts"; schema: undefined; columns: { id: SQLiteColumn<{ name: "id"; tableName: "forum_posts"; dataType: "number"; columnType: "SQLiteInteger"; data: number; driverParam: number; notNull: true; ... 7 more ...; generated: undefined; }, {}, {}>; ... 10 more ...; updatedAt: SQLiteC...'. Did you mean 'isLocked'?
src/app/api/dev/repair-admin/route.ts(4,17): error TS2305: Module '"@/db/schema"' has no exported member 'setupStatus'.
src/app/api/forum/categories/route.ts(11,36): error TS2339: Property 'orderIndex' does not exist on type 'SQLiteTableWithColumns<{ name: "forum_categories"; schema: undefined; columns: { id: SQLiteColumn<{ name: "id"; tableName: "forum_categories"; dataType: "number"; columnType: "SQLiteInteger"; data: number; driverParam: number; ... 8 more ...; generated: undefined; }, {}, {}>; ... 10 more ...; updatedAt: SQLiteColumn...'.
src/app/api/forum/posts/[id]/replies/route.ts(38,14): error TS2551: Property 'locked' does not exist on type '{ id: number; title: string; slug: string; content: string; authorId: number; categoryId: number; views: number | null; isPinned: boolean | null; isLocked: boolean | null; lastActivityAt: Date; createdAt: Date; updatedAt: Date; }'. Did you mean 'isLocked'?
src/app/api/friends/route.ts(23,29): error TS2339: Property 'userId' does not exist on type 'SQLiteTableWithColumns<{ name: "friendships"; schema: undefined; columns: { id: SQLiteColumn<{ name: "id"; tableName: "friendships"; dataType: "number"; columnType: "SQLiteInteger"; data: number; driverParam: number; notNull: true; ... 7 more ...; generated: undefined; }, {}, {}>; ... 4 more ...; updatedAt: SQLiteCo...'.
src/app/api/friends/route.ts(24,31): error TS2339: Property 'friendId' does not exist on type 'SQLiteTableWithColumns<{ name: "friendships"; schema: undefined; columns: { id: SQLiteColumn<{ name: "id"; tableName: "friendships"; dataType: "number"; columnType: "SQLiteInteger"; data: number; driverParam: number; notNull: true; ... 7 more ...; generated: undefined; }, {}, {}>; ... 4 more ...; updatedAt: SQLiteCo...'.
src/app/api/friends/route.ts(34,30): error TS2339: Property 'userId' does not exist on type 'SQLiteTableWithColumns<{ name: "friendships"; schema: undefined; columns: { id: SQLiteColumn<{ name: "id"; tableName: "friendships"; dataType: "number"; columnType: "SQLiteInteger"; data: number; driverParam: number; notNull: true; ... 7 more ...; generated: undefined; }, {}, {}>; ... 4 more ...; updatedAt: SQLiteCo...'.
src/app/api/friends/route.ts(34,74): error TS2339: Property 'friendId' does not exist on type 'SQLiteTableWithColumns<{ name: "friendships"; schema: undefined; columns: { id: SQLiteColumn<{ name: "id"; tableName: "friendships"; dataType: "number"; columnType: "SQLiteInteger"; data: number; driverParam: number; notNull: true; ... 7 more ...; generated: undefined; }, {}, {}>; ... 4 more ...; updatedAt: SQLiteCo...'.
src/app/api/friends/route.ts(35,30): error TS2339: Property 'friendId' does not exist on type 'SQLiteTableWithColumns<{ name: "friendships"; schema: undefined; columns: { id: SQLiteColumn<{ name: "id"; tableName: "friendships"; dataType: "number"; columnType: "SQLiteInteger"; data: number; driverParam: number; notNull: true; ... 7 more ...; generated: undefined; }, {}, {}>; ... 4 more ...; updatedAt: SQLiteCo...'.
src/app/api/friends/route.ts(35,76): error TS2339: Property 'userId' does not exist on type 'SQLiteTableWithColumns<{ name: "friendships"; schema: undefined; columns: { id: SQLiteColumn<{ name: "id"; tableName: "friendships"; dataType: "number"; columnType: "SQLiteInteger"; data: number; driverParam: number; notNull: true; ... 7 more ...; generated: undefined; }, {}, {}>; ... 4 more ...; updatedAt: SQLiteCo...'.
src/app/api/friends/route.ts(93,30): error TS2339: Property 'userId' does not exist on type 'SQLiteTableWithColumns<{ name: "friendships"; schema: undefined; columns: { id: SQLiteColumn<{ name: "id"; tableName: "friendships"; dataType: "number"; columnType: "SQLiteInteger"; data: number; driverParam: number; notNull: true; ... 7 more ...; generated: undefined; }, {}, {}>; ... 4 more ...; updatedAt: SQLiteCo...'.
src/app/api/friends/route.ts(93,64): error TS2339: Property 'friendId' does not exist on type 'SQLiteTableWithColumns<{ name: "friendships"; schema: undefined; columns: { id: SQLiteColumn<{ name: "id"; tableName: "friendships"; dataType: "number"; columnType: "SQLiteInteger"; data: number; driverParam: number; notNull: true; ... 7 more ...; generated: undefined; }, {}, {}>; ... 4 more ...; updatedAt: SQLiteCo...'.
src/app/api/friends/route.ts(94,30): error TS2339: Property 'userId' does not exist on type 'SQLiteTableWithColumns<{ name: "friendships"; schema: undefined; columns: { id: SQLiteColumn<{ name: "id"; tableName: "friendships"; dataType: "number"; columnType: "SQLiteInteger"; data: number; driverParam: number; notNull: true; ... 7 more ...; generated: undefined; }, {}, {}>; ... 4 more ...; updatedAt: SQLiteCo...'.
src/app/api/friends/route.ts(94,64): error TS2339: Property 'friendId' does not exist on type 'SQLiteTableWithColumns<{ name: "friendships"; schema: undefined; columns: { id: SQLiteColumn<{ name: "id"; tableName: "friendships"; dataType: "number"; columnType: "SQLiteInteger"; data: number; driverParam: number; notNull: true; ... 7 more ...; generated: undefined; }, {}, {}>; ... 4 more ...; updatedAt: SQLiteCo...'.
src/app/api/friends/route.ts(106,9): error TS2769: No overload matches this call.
  Overload 1 of 2, '(value: { requesterId: number | SQL<unknown> | Placeholder<string, any>; addresseeId: number | SQL<unknown> | Placeholder<string, any>; id?: number | SQL<unknown> | Placeholder<...> | undefined; createdAt?: SQL<...> | ... 2 more ... | undefined; updatedAt?: SQL<...> | ... 2 more ... | undefined; status?: SQL<...> | ... 4 more ... | undefined; }): SQLiteInsertBase<...>', gave the following error.
    Object literal may only specify known properties, and 'userId' does not exist in type '{ requesterId: number | SQL<unknown> | Placeholder<string, any>; addresseeId: number | SQL<unknown> | Placeholder<string, any>; id?: number | SQL<unknown> | Placeholder<...> | undefined; createdAt?: SQL<...> | ... 2 more ... | undefined; updatedAt?: SQL<...> | ... 2 more ... | undefined; status?: SQL<...> | ... 4 mo...'.
  Overload 2 of 2, '(values: { requesterId: number | SQL<unknown> | Placeholder<string, any>; addresseeId: number | SQL<unknown> | Placeholder<string, any>; id?: number | SQL<unknown> | Placeholder<...> | undefined; createdAt?: SQL<...> | ... 2 more ... | undefined; updatedAt?: SQL<...> | ... 2 more ... | undefined; status?: SQL<...> | ... 4 more ... | undefined; }[]): SQLiteInsertBase<...>', gave the following error.
    Object literal may only specify known properties, and 'userId' does not exist in type '{ requesterId: number | SQL<unknown> | Placeholder<string, any>; addresseeId: number | SQL<unknown> | Placeholder<string, any>; id?: number | SQL<unknown> | Placeholder<...> | undefined; createdAt?: SQL<...> | ... 2 more ... | undefined; updatedAt?: SQL<...> | ... 2 more ... | undefined; status?: SQL<...> | ... 4 mo...'.
src/app/api/friends/route.ts(143,53): error TS2339: Property 'friendId' does not exist on type '{ id: number; requesterId: number; addresseeId: number; status: "pending" | "accepted" | "blocked"; createdAt: Date; updatedAt: Date; }'.
src/app/api/friends/route.ts(151,45): error TS2339: Property 'userId' does not exist on type '{ id: number; requesterId: number; addresseeId: number; status: "pending" | "accepted" | "blocked"; createdAt: Date; updatedAt: Date; }'.
src/app/api/friends/route.ts(160,53): error TS2339: Property 'friendId' does not exist on type '{ id: number; requesterId: number; addresseeId: number; status: "pending" | "accepted" | "blocked"; createdAt: Date; updatedAt: Date; }'.
src/app/api/friends/search/route.ts(44,29): error TS2339: Property 'userId' does not exist on type 'SQLiteTableWithColumns<{ name: "friendships"; schema: undefined; columns: { id: SQLiteColumn<{ name: "id"; tableName: "friendships"; dataType: "number"; columnType: "SQLiteInteger"; data: number; driverParam: number; notNull: true; ... 7 more ...; generated: undefined; }, {}, {}>; ... 4 more ...; updatedAt: SQLiteCo...'.
src/app/api/friends/search/route.ts(45,31): error TS2339: Property 'friendId' does not exist on type 'SQLiteTableWithColumns<{ name: "friendships"; schema: undefined; columns: { id: SQLiteColumn<{ name: "id"; tableName: "friendships"; dataType: "number"; columnType: "SQLiteInteger"; data: number; driverParam: number; notNull: true; ... 7 more ...; generated: undefined; }, {}, {}>; ... 4 more ...; updatedAt: SQLiteCo...'.
src/app/api/friends/search/route.ts(51,30): error TS2339: Property 'userId' does not exist on type 'SQLiteTableWithColumns<{ name: "friendships"; schema: undefined; columns: { id: SQLiteColumn<{ name: "id"; tableName: "friendships"; dataType: "number"; columnType: "SQLiteInteger"; data: number; driverParam: number; notNull: true; ... 7 more ...; generated: undefined; }, {}, {}>; ... 4 more ...; updatedAt: SQLiteCo...'.
src/app/api/friends/search/route.ts(51,69): error TS2339: Property 'friendId' does not exist on type 'SQLiteTableWithColumns<{ name: "friendships"; schema: undefined; columns: { id: SQLiteColumn<{ name: "id"; tableName: "friendships"; dataType: "number"; columnType: "SQLiteInteger"; data: number; driverParam: number; notNull: true; ... 7 more ...; generated: undefined; }, {}, {}>; ... 4 more ...; updatedAt: SQLiteCo...'.
src/app/api/friends/search/route.ts(52,30): error TS2339: Property 'friendId' does not exist on type 'SQLiteTableWithColumns<{ name: "friendships"; schema: undefined; columns: { id: SQLiteColumn<{ name: "id"; tableName: "friendships"; dataType: "number"; columnType: "SQLiteInteger"; data: number; driverParam: number; notNull: true; ... 7 more ...; generated: undefined; }, {}, {}>; ... 4 more ...; updatedAt: SQLiteCo...'.
src/app/api/friends/search/route.ts(52,71): error TS2339: Property 'userId' does not exist on type 'SQLiteTableWithColumns<{ name: "friendships"; schema: undefined; columns: { id: SQLiteColumn<{ name: "id"; tableName: "friendships"; dataType: "number"; columnType: "SQLiteInteger"; data: number; driverParam: number; notNull: true; ... 7 more ...; generated: undefined; }, {}, {}>; ... 4 more ...; updatedAt: SQLiteCo...'.
src/app/api/messages/route.ts(32,76): error TS2339: Property 'recipientId' does not exist on type 'SQLiteTableWithColumns<{ name: "private_messages"; schema: undefined; columns: { id: SQLiteColumn<{ name: "id"; tableName: "private_messages"; dataType: "number"; columnType: "SQLiteInteger"; data: number; driverParam: number; ... 8 more ...; generated: undefined; }, {}, {}>; ... 4 more ...; createdAt: SQLiteColumn<...'.
src/app/api/messages/route.ts(33,75): error TS2339: Property 'recipientId' does not exist on type 'SQLiteTableWithColumns<{ name: "private_messages"; schema: undefined; columns: { id: SQLiteColumn<{ name: "id"; tableName: "private_messages"; dataType: "number"; columnType: "SQLiteInteger"; data: number; driverParam: number; ... 8 more ...; generated: undefined; }, {}, {}>; ... 4 more ...; createdAt: SQLiteColumn<...'.
src/app/api/messages/route.ts(47,38): error TS2339: Property 'recipientId' does not exist on type 'SQLiteTableWithColumns<{ name: "private_messages"; schema: undefined; columns: { id: SQLiteColumn<{ name: "id"; tableName: "private_messages"; dataType: "number"; columnType: "SQLiteInteger"; data: number; driverParam: number; ... 8 more ...; generated: undefined; }, {}, {}>; ... 4 more ...; createdAt: SQLiteColumn<...'.
src/app/api/messages/route.ts(53,71): error TS2339: Property 'recipientId' does not exist on type 'SQLiteTableWithColumns<{ name: "private_messages"; schema: undefined; columns: { id: SQLiteColumn<{ name: "id"; tableName: "private_messages"; dataType: "number"; columnType: "SQLiteInteger"; data: number; driverParam: number; ... 8 more ...; generated: undefined; }, {}, {}>; ... 4 more ...; createdAt: SQLiteColumn<...'.
src/app/api/messages/route.ts(125,8): error TS2769: No overload matches this call.
  Overload 1 of 2, '(value: { content: string | SQL<unknown> | Placeholder<string, any>; senderId: number | SQL<unknown> | Placeholder<string, any>; receiverId: number | SQL<unknown> | Placeholder<...>; id?: number | ... 2 more ... | undefined; createdAt?: SQL<...> | ... 2 more ... | undefined; read?: boolean | ... 3 more ... | undefined; }): SQLiteInsertBase<...>', gave the following error.
    Object literal may only specify known properties, and 'recipientId' does not exist in type '{ content: string | SQL<unknown> | Placeholder<string, any>; senderId: number | SQL<unknown> | Placeholder<string, any>; receiverId: number | SQL<unknown> | Placeholder<...>; id?: number | ... 2 more ... | undefined; createdAt?: SQL<...> | ... 2 more ... | undefined; read?: boolean | ... 3 more ... | undefined; }'.
  Overload 2 of 2, '(values: { content: string | SQL<unknown> | Placeholder<string, any>; senderId: number | SQL<unknown> | Placeholder<string, any>; receiverId: number | SQL<unknown> | Placeholder<...>; id?: number | ... 2 more ... | undefined; createdAt?: SQL<...> | ... 2 more ... | undefined; read?: boolean | ... 3 more ... | undefined; }[]): SQLiteInsertBase<...>', gave the following error.
    Object literal may only specify known properties, and 'senderId' does not exist in type '{ content: string | SQL<unknown> | Placeholder<string, any>; senderId: number | SQL<unknown> | Placeholder<string, any>; receiverId: number | SQL<unknown> | Placeholder<...>; id?: number | ... 2 more ... | undefined; createdAt?: SQL<...> | ... 2 more ... | undefined; read?: boolean | ... 3 more ... | undefined; }[]'.
src/app/api/minecraft/login/route.ts(223,27): error TS2339: Property 'textColor' does not exist on type '{ id: string; name: string; description: string | null; priceMonth: number | null; stripePriceId: string | null; features: string | null; color: string | null; weight: number | null; showInStore: boolean | null; createdAt: Date; updatedAt: Date; }'.
src/app/api/minecraft/login/route.ts(224,22): error TS2339: Property 'icon' does not exist on type '{ id: string; name: string; description: string | null; priceMonth: number | null; stripePriceId: string | null; features: string | null; color: string | null; weight: number | null; showInStore: boolean | null; createdAt: Date; updatedAt: Date; }'.
src/app/api/minecraft/login/route.ts(225,23): error TS2339: Property 'badge' does not exist on type '{ id: string; name: string; description: string | null; priceMonth: number | null; stripePriceId: string | null; features: string | null; color: string | null; weight: number | null; showInStore: boolean | null; createdAt: Date; updatedAt: Date; }'.
src/app/api/minecraft/login/route.ts(226,22): error TS2339: Property 'glow' does not exist on type '{ id: string; name: string; description: string | null; priceMonth: number | null; stripePriceId: string | null; features: string | null; color: string | null; weight: number | null; showInStore: boolean | null; createdAt: Date; updatedAt: Date; }'.
src/app/api/minecraft/sync/xp/route.ts(43,31): error TS2339: Property 'apiKey' does not exist on type 'SQLiteTableWithColumns<{ name: "servers"; schema: undefined; columns: { id: SQLiteColumn<{ name: "id"; tableName: "servers"; dataType: "number"; columnType: "SQLiteInteger"; data: number; driverParam: number; notNull: true; hasDefault: true; ... 6 more ...; generated: undefined; }, {}, {}>; ... 11 more ...; updatedA...'.
src/app/api/minecraft/sync/xp/route.ts(102,29): error TS2353: Object literal may only specify known properties, and 'xp' does not exist in type '{ userId?: number | SQL<unknown> | SQLiteColumn<ColumnBaseConfig<ColumnDataType, string>, {}, {}> | undefined; serverId?: number | SQL<...> | SQLiteColumn<...> | undefined; id?: number | ... 2 more ... | undefined; updatedAt?: SQL<...> | ... 2 more ... | undefined; amount?: number | ... 2 more ... | undefined; }'.
src/app/api/minecraft/sync/xp/route.ts(110,47): error TS2769: No overload matches this call.
  Overload 1 of 2, '(value: { userId: number | SQL<unknown> | Placeholder<string, any>; serverId: number | SQL<unknown> | Placeholder<string, any>; id?: number | SQL<unknown> | Placeholder<...> | undefined; updatedAt?: SQL<...> | ... 2 more ... | undefined; amount?: number | ... 2 more ... | undefined; }): SQLiteInsertBase<...>', gave the following error.
    Object literal may only specify known properties, and 'xp' does not exist in type '{ userId: number | SQL<unknown> | Placeholder<string, any>; serverId: number | SQL<unknown> | Placeholder<string, any>; id?: number | SQL<unknown> | Placeholder<string, any> | undefined; updatedAt?: SQL<...> | ... 2 more ... | undefined; amount?: number | ... 2 more ... | undefined; }'.
  Overload 2 of 2, '(values: { userId: number | SQL<unknown> | Placeholder<string, any>; serverId: number | SQL<unknown> | Placeholder<string, any>; id?: number | SQL<unknown> | Placeholder<...> | undefined; updatedAt?: SQL<...> | ... 2 more ... | undefined; amount?: number | ... 2 more ... | undefined; }[]): SQLiteInsertBase<...>', gave the following error.
    Object literal may only specify known properties, and 'userId' does not exist in type '{ userId: number | SQL<unknown> | Placeholder<string, any>; serverId: number | SQL<unknown> | Placeholder<string, any>; id?: number | SQL<unknown> | Placeholder<string, any> | undefined; updatedAt?: SQL<...> | ... 2 more ... | undefined; amount?: number | ... 2 more ... | undefined; }[]'.
src/app/api/minecraft/sync/xp/route.ts(124,82): error TS2339: Property 'xp' does not exist on type '{ id: number; updatedAt: Date; userId: number; serverId: number; amount: number; }'.
src/app/api/minecraft/xp/route.ts(3,17): error TS2305: Module '"@/db/schema"' has no exported member 'xpTransactions'.
src/app/api/servers/[id]/api-key/route.ts(50,17): error TS2353: Object literal may only specify known properties, and 'apiKey' does not exist in type '{ name?: string | SQL<unknown> | SQLiteColumn<ColumnBaseConfig<ColumnDataType, string>, {}, {}> | undefined; address?: string | SQL<...> | SQLiteColumn<...> | undefined; ... 10 more ...; lastCheckedAt?: SQL<...> | ... 3 more ... | undefined; }'.
src/app/api/servers/[id]/api-key/route.ts(93,17): error TS2353: Object literal may only specify known properties, and 'apiKey' does not exist in type '{ name?: string | SQL<unknown> | SQLiteColumn<ColumnBaseConfig<ColumnDataType, string>, {}, {}> | undefined; address?: string | SQL<...> | SQLiteColumn<...> | undefined; ... 10 more ...; lastCheckedAt?: SQL<...> | ... 3 more ... | undefined; }'.
src/app/api/setup/complete/route.ts(3,17): error TS2305: Module '"@/db/schema"' has no exported member 'setupStatus'.
src/app/api/setup/status/route.ts(3,10): error TS2305: Module '"@/db/schema"' has no exported member 'setupStatus'.
src/app/api/social/posts/[id]/comments/route.ts(4,23): error TS2305: Module '"@/db/schema"' has no exported member 'socialComments'.
src/app/api/social/posts/[id]/comments/route.ts(91,14): error TS2353: Object literal may only specify known properties, and 'commentsCount' does not exist in type '{ content?: string | SQL<unknown> | SQLiteColumn<ColumnBaseConfig<ColumnDataType, string>, {}, {}> | undefined; authorId?: number | SQL<...> | SQLiteColumn<...> | undefined; id?: number | ... 2 more ... | undefined; createdAt?: SQL<...> | ... 2 more ... | undefined; updatedAt?: SQL<...> | ... 2 more ... | undefined;...'.
src/app/api/social/posts/[id]/comments/route.ts(91,47): error TS2339: Property 'commentsCount' does not exist on type 'SQLiteTableWithColumns<{ name: "social_posts"; schema: undefined; columns: { id: SQLiteColumn<{ name: "id"; tableName: "social_posts"; dataType: "number"; columnType: "SQLiteInteger"; data: number; driverParam: number; notNull: true; ... 7 more ...; generated: undefined; }, {}, {}>; ... 4 more ...; updatedAt: SQLite...'.
src/app/api/social/posts/[id]/comments/route.ts(95,14): error TS2339: Property 'userId' does not exist on type '{ id: number; content: string; authorId: number; likes: number | null; createdAt: Date; updatedAt: Date; }'.
src/app/api/social/posts/[id]/comments/route.ts(103,38): error TS2339: Property 'userId' does not exist on type '{ id: number; content: string; authorId: number; likes: number | null; createdAt: Date; updatedAt: Date; }'.
src/app/api/social/posts/[id]/like/route.ts(4,23): error TS2305: Module '"@/db/schema"' has no exported member 'socialLikes'.
src/app/api/social/posts/[id]/like/route.ts(37,14): error TS2339: Property 'userId' does not exist on type '{ id: number; content: string; authorId: number; likes: number | null; createdAt: Date; updatedAt: Date; }'.
src/app/api/social/posts/[id]/like/route.ts(60,16): error TS2353: Object literal may only specify known properties, and 'likesCount' does not exist in type '{ content?: string | SQL<unknown> | SQLiteColumn<ColumnBaseConfig<ColumnDataType, string>, {}, {}> | undefined; authorId?: number | SQL<...> | SQLiteColumn<...> | undefined; id?: number | ... 2 more ... | undefined; createdAt?: SQL<...> | ... 2 more ... | undefined; updatedAt?: SQL<...> | ... 2 more ... | undefined;...'.
src/app/api/social/posts/[id]/like/route.ts(60,46): error TS2339: Property 'likesCount' does not exist on type 'SQLiteTableWithColumns<{ name: "social_posts"; schema: undefined; columns: { id: SQLiteColumn<{ name: "id"; tableName: "social_posts"; dataType: "number"; columnType: "SQLiteInteger"; data: number; driverParam: number; notNull: true; ... 7 more ...; generated: undefined; }, {}, {}>; ... 4 more ...; updatedAt: SQLite...'.
src/app/api/social/posts/[id]/like/route.ts(74,16): error TS2353: Object literal may only specify known properties, and 'likesCount' does not exist in type '{ content?: string | SQL<unknown> | SQLiteColumn<ColumnBaseConfig<ColumnDataType, string>, {}, {}> | undefined; authorId?: number | SQL<...> | SQLiteColumn<...> | undefined; id?: number | ... 2 more ... | undefined; createdAt?: SQL<...> | ... 2 more ... | undefined; updatedAt?: SQL<...> | ... 2 more ... | undefined;...'.
src/app/api/social/posts/[id]/like/route.ts(74,46): error TS2339: Property 'likesCount' does not exist on type 'SQLiteTableWithColumns<{ name: "social_posts"; schema: undefined; columns: { id: SQLiteColumn<{ name: "id"; tableName: "social_posts"; dataType: "number"; columnType: "SQLiteInteger"; data: number; driverParam: number; notNull: true; ... 7 more ...; generated: undefined; }, {}, {}>; ... 4 more ...; updatedAt: SQLite...'.
src/app/api/social/posts/[id]/like/route.ts(78,16): error TS2339: Property 'userId' does not exist on type '{ id: number; content: string; authorId: number; likes: number | null; createdAt: Date; updatedAt: Date; }'.
src/app/api/social/posts/[id]/like/route.ts(86,37): error TS2339: Property 'userId' does not exist on type '{ id: number; content: string; authorId: number; likes: number | null; createdAt: Date; updatedAt: Date; }'.
src/app/api/social/posts/[id]/route.ts(4,23): error TS2305: Module '"@/db/schema"' has no exported member 'socialComments'.
src/app/api/social/posts/[id]/route.ts(4,39): error TS2305: Module '"@/db/schema"' has no exported member 'socialLikes'.
src/app/api/social/posts/[id]/route.ts(24,31): error TS2339: Property 'imageUrl' does not exist on type 'SQLiteTableWithColumns<{ name: "social_posts"; schema: undefined; columns: { id: SQLiteColumn<{ name: "id"; tableName: "social_posts"; dataType: "number"; columnType: "SQLiteInteger"; data: number; driverParam: number; notNull: true; ... 7 more ...; generated: undefined; }, {}, {}>; ... 4 more ...; updatedAt: SQLite...'.
src/app/api/social/posts/[id]/route.ts(25,33): error TS2339: Property 'likesCount' does not exist on type 'SQLiteTableWithColumns<{ name: "social_posts"; schema: undefined; columns: { id: SQLiteColumn<{ name: "id"; tableName: "social_posts"; dataType: "number"; columnType: "SQLiteInteger"; data: number; driverParam: number; notNull: true; ... 7 more ...; generated: undefined; }, {}, {}>; ... 4 more ...; updatedAt: SQLite...'.
src/app/api/social/posts/[id]/route.ts(26,36): error TS2339: Property 'commentsCount' does not exist on type 'SQLiteTableWithColumns<{ name: "social_posts"; schema: undefined; columns: { id: SQLiteColumn<{ name: "id"; tableName: "social_posts"; dataType: "number"; columnType: "SQLiteInteger"; data: number; driverParam: number; notNull: true; ... 7 more ...; generated: undefined; }, {}, {}>; ... 4 more ...; updatedAt: SQLite...'.
src/app/api/social/posts/[id]/route.ts(28,29): error TS2339: Property 'userId' does not exist on type 'SQLiteTableWithColumns<{ name: "social_posts"; schema: undefined; columns: { id: SQLiteColumn<{ name: "id"; tableName: "social_posts"; dataType: "number"; columnType: "SQLiteInteger"; data: number; driverParam: number; notNull: true; ... 7 more ...; generated: undefined; }, {}, {}>; ... 4 more ...; updatedAt: SQLite...'.
src/app/api/social/posts/[id]/route.ts(34,39): error TS2339: Property 'userId' does not exist on type 'SQLiteTableWithColumns<{ name: "social_posts"; schema: undefined; columns: { id: SQLiteColumn<{ name: "id"; tableName: "social_posts"; dataType: "number"; columnType: "SQLiteInteger"; data: number; driverParam: number; notNull: true; ... 7 more ...; generated: undefined; }, {}, {}>; ... 4 more ...; updatedAt: SQLite...'.
src/app/api/social/posts/[id]/route.ts(107,14): error TS2339: Property 'userId' does not exist on type '{ id: number; content: string; authorId: number; likes: number | null; createdAt: Date; updatedAt: Date; }'.
src/app/api/social/posts/route.ts(17,31): error TS2339: Property 'imageUrl' does not exist on type 'SQLiteTableWithColumns<{ name: "social_posts"; schema: undefined; columns: { id: SQLiteColumn<{ name: "id"; tableName: "social_posts"; dataType: "number"; columnType: "SQLiteInteger"; data: number; driverParam: number; notNull: true; ... 7 more ...; generated: undefined; }, {}, {}>; ... 4 more ...; updatedAt: SQLite...'.
src/app/api/social/posts/route.ts(18,33): error TS2339: Property 'likesCount' does not exist on type 'SQLiteTableWithColumns<{ name: "social_posts"; schema: undefined; columns: { id: SQLiteColumn<{ name: "id"; tableName: "social_posts"; dataType: "number"; columnType: "SQLiteInteger"; data: number; driverParam: number; notNull: true; ... 7 more ...; generated: undefined; }, {}, {}>; ... 4 more ...; updatedAt: SQLite...'.
src/app/api/social/posts/route.ts(19,36): error TS2339: Property 'commentsCount' does not exist on type 'SQLiteTableWithColumns<{ name: "social_posts"; schema: undefined; columns: { id: SQLiteColumn<{ name: "id"; tableName: "social_posts"; dataType: "number"; columnType: "SQLiteInteger"; data: number; driverParam: number; notNull: true; ... 7 more ...; generated: undefined; }, {}, {}>; ... 4 more ...; updatedAt: SQLite...'.
src/app/api/social/posts/route.ts(21,29): error TS2339: Property 'userId' does not exist on type 'SQLiteTableWithColumns<{ name: "social_posts"; schema: undefined; columns: { id: SQLiteColumn<{ name: "id"; tableName: "social_posts"; dataType: "number"; columnType: "SQLiteInteger"; data: number; driverParam: number; notNull: true; ... 7 more ...; generated: undefined; }, {}, {}>; ... 4 more ...; updatedAt: SQLite...'.
src/app/api/social/posts/route.ts(27,39): error TS2339: Property 'userId' does not exist on type 'SQLiteTableWithColumns<{ name: "social_posts"; schema: undefined; columns: { id: SQLiteColumn<{ name: "id"; tableName: "social_posts"; dataType: "number"; columnType: "SQLiteInteger"; data: number; driverParam: number; notNull: true; ... 7 more ...; generated: undefined; }, {}, {}>; ... 4 more ...; updatedAt: SQLite...'.
src/app/api/social/posts/route.ts(73,7): error TS2769: No overload matches this call.
  Overload 1 of 2, '(value: { content: string | SQL<unknown> | Placeholder<string, any>; authorId: number | SQL<unknown> | Placeholder<string, any>; id?: number | SQL<unknown> | Placeholder<...> | undefined; createdAt?: SQL<...> | ... 2 more ... | undefined; updatedAt?: SQL<...> | ... 2 more ... | undefined; likes?: number | ... 3 more ... | undefined; }): SQLiteInsertBase<...>', gave the following error.
    Object literal may only specify known properties, and 'userId' does not exist in type '{ content: string | SQL<unknown> | Placeholder<string, any>; authorId: number | SQL<unknown> | Placeholder<string, any>; id?: number | SQL<unknown> | Placeholder<string, any> | undefined; createdAt?: SQL<...> | ... 2 more ... | undefined; updatedAt?: SQL<...> | ... 2 more ... | undefined; likes?: number | ... 3 more...'.
  Overload 2 of 2, '(values: { content: string | SQL<unknown> | Placeholder<string, any>; authorId: number | SQL<unknown> | Placeholder<string, any>; id?: number | SQL<unknown> | Placeholder<...> | undefined; createdAt?: SQL<...> | ... 2 more ... | undefined; updatedAt?: SQL<...> | ... 2 more ... | undefined; likes?: number | ... 3 more ... | undefined; }[]): SQLiteInsertBase<...>', gave the following error.
    Object literal may only specify known properties, and 'userId' does not exist in type '{ content: string | SQL<unknown> | Placeholder<string, any>; authorId: number | SQL<unknown> | Placeholder<string, any>; id?: number | SQL<unknown> | Placeholder<string, any> | undefined; createdAt?: SQL<...> | ... 2 more ... | undefined; updatedAt?: SQL<...> | ... 2 more ... | undefined; likes?: number | ... 3 more...'.
src/app/api/stripe/create-checkout/route.ts(101,29): error TS2339: Property 'minAmount' does not exist on type '{ id: string; name: string; description: string | null; priceMonth: number | null; stripePriceId: string | null; features: string | null; color: string | null; weight: number | null; showInStore: boolean | null; createdAt: Date; updatedAt: Date; }'.
src/app/api/stripe/create-checkout/route.ts(102,35): error TS2551: Property 'stripeProductId' does not exist on type '{ id: string; name: string; description: string | null; priceMonth: number | null; stripePriceId: string | null; features: string | null; color: string | null; weight: number | null; showInStore: boolean | null; createdAt: Date; updatedAt: Date; }'. Did you mean 'stripePriceId'?
src/app/api/stripe/create-checkout/route.ts(103,38): error TS2339: Property 'stripePriceMonthly' does not exist on type '{ id: string; name: string; description: string | null; priceMonth: number | null; stripePriceId: string | null; features: string | null; color: string | null; weight: number | null; showInStore: boolean | null; createdAt: Date; updatedAt: Date; }'.
src/app/api/stripe/create-checkout/route.ts(104,40): error TS2339: Property 'stripePriceQuarterly' does not exist on type '{ id: string; name: string; description: string | null; priceMonth: number | null; stripePriceId: string | null; features: string | null; color: string | null; weight: number | null; showInStore: boolean | null; createdAt: Date; updatedAt: Date; }'.
src/app/api/stripe/create-checkout/route.ts(105,41): error TS2339: Property 'stripePriceSemiannual' does not exist on type '{ id: string; name: string; description: string | null; priceMonth: number | null; stripePriceId: string | null; features: string | null; color: string | null; weight: number | null; showInStore: boolean | null; createdAt: Date; updatedAt: Date; }'.
src/app/api/stripe/create-checkout/route.ts(106,37): error TS2339: Property 'stripePriceYearly' does not exist on type '{ id: string; name: string; description: string | null; priceMonth: number | null; stripePriceId: string | null; features: string | null; color: string | null; weight: number | null; showInStore: boolean | null; createdAt: Date; updatedAt: Date; }'.
src/app/api/stripe/create-checkout/route.ts(108,11): error TS2554: Expected 1 arguments, but got 2.
src/app/api/stripe/create-checkout/route.ts(123,84): error TS2339: Property 'minAmount' does not exist on type '{ id: string; name: string; description: string | null; priceMonth: number | null; stripePriceId: string | null; features: string | null; color: string | null; weight: number | null; showInStore: boolean | null; createdAt: Date; updatedAt: Date; }'.
src/app/api/stripe/webhook/route.ts(156,56): error TS2339: Property 'payment_intent' does not exist on type 'Invoice'.
src/app/api/stripe/webhook/route.ts(242,36): error TS2339: Property 'payment_intent' does not exist on type 'Invoice'.
src/app/api/user/subscription/route.ts(74,20): error TS2339: Property 'icon' does not exist on type '{ id: string; name: string; description: string | null; priceMonth: number | null; stripePriceId: string | null; features: string | null; color: string | null; weight: number | null; showInStore: boolean | null; createdAt: Date; updatedAt: Date; }'.
src/app/api/user/subscription/route.ts(75,21): error TS2339: Property 'badge' does not exist on type '{ id: string; name: string; description: string | null; priceMonth: number | null; stripePriceId: string | null; features: string | null; color: string | null; weight: number | null; showInStore: boolean | null; createdAt: Date; updatedAt: Date; }'.
src/app/api/users/me/route.ts(55,17): error TS2353: Object literal may only specify known properties, and 'playtimeSeconds' does not exist in type '{ id?: boolean | undefined; userId?: boolean | undefined; serverId?: boolean | undefined; amount?: boolean | undefined; updatedAt?: boolean | undefined; }'.
src/app/api/users/me/route.ts(60,34): error TS2339: Property 'playtimeSeconds' does not exist on type '{ id: number; updatedAt: Date; userId: number; serverId: number; amount: number; }'.
src/app/api/users/me/route.ts(70,40): error TS2339: Property 'userId' does not exist on type 'SQLiteTableWithColumns<{ name: "friendships"; schema: undefined; columns: { id: SQLiteColumn<{ name: "id"; tableName: "friendships"; dataType: "number"; columnType: "SQLiteInteger"; data: number; driverParam: number; notNull: true; ... 7 more ...; generated: undefined; }, {}, {}>; ... 4 more ...; updatedAt: SQLiteCo...'.
src/app/api/users/me/route.ts(71,40): error TS2339: Property 'friendId' does not exist on type 'SQLiteTableWithColumns<{ name: "friendships"; schema: undefined; columns: { id: SQLiteColumn<{ name: "id"; tableName: "friendships"; dataType: "number"; columnType: "SQLiteInteger"; data: number; driverParam: number; notNull: true; ... 7 more ...; generated: undefined; }, {}, {}>; ... 4 more ...; updatedAt: SQLiteCo...'.
src/lib/notifications.ts(24,8): error TS2769: No overload matches this call.
  Overload 1 of 2, '(value: { title: string | SQL<unknown> | Placeholder<string, any>; userId: number | SQL<unknown> | Placeholder<string, any>; message: string | SQL<unknown> | Placeholder<...>; ... 4 more ...; read?: boolean | ... 3 more ... | undefined; }): SQLiteInsertBase<...>', gave the following error.
    Type 'string' is not assignable to type 'SQL<unknown> | "message" | "info" | "success" | "warning" | "error" | "system" | "friend_request" | Placeholder<string, any> | null | undefined'.
  Overload 2 of 2, '(values: { title: string | SQL<unknown> | Placeholder<string, any>; userId: number | SQL<unknown> | Placeholder<string, any>; message: string | SQL<unknown> | Placeholder<...>; ... 4 more ...; read?: boolean | ... 3 more ... | undefined; }[]): SQLiteInsertBase<...>', gave the following error.
    Object literal may only specify known properties, and 'userId' does not exist in type '{ title: string | SQL<unknown> | Placeholder<string, any>; userId: number | SQL<unknown> | Placeholder<string, any>; message: string | SQL<unknown> | Placeholder<...>; ... 4 more ...; read?: boolean | ... 3 more ... | undefined; }[]'.
