src/app/(admin)/admin/analytics/page.tsx(38,82): error TS2339: Property 'online' does not exist on type 'SQLiteTableWithColumns<{ name: "servers"; schema: undefined; columns: { id: SQLiteColumn<{ name: "id"; tableName: "servers"; dataType: "number"; columnType: "SQLiteInteger"; data: number; driverParam: number; notNull: true; hasDefault: true; ... 6 more ...; generated: undefined; }, {}, {}>; ... 15 more ...; updatedA...'.
src/app/(admin)/admin/analytics/page.tsx(149,25): error TS2339: Property 'type' does not exist on type 'SQLiteTableWithColumns<{ name: "donations"; schema: undefined; columns: { id: SQLiteColumn<{ name: "id"; tableName: "donations"; dataType: "number"; columnType: "SQLiteInteger"; data: number; driverParam: number; notNull: true; ... 7 more ...; generated: undefined; }, {}, {}>; ... 18 more ...; createdAt: SQLiteColum...'.
src/app/(admin)/admin/analytics/page.tsx(150,27): error TS2339: Property 'itemId' does not exist on type 'SQLiteTableWithColumns<{ name: "donations"; schema: undefined; columns: { id: SQLiteColumn<{ name: "id"; tableName: "donations"; dataType: "number"; columnType: "SQLiteInteger"; data: number; driverParam: number; notNull: true; ... 7 more ...; generated: undefined; }, {}, {}>; ... 18 more ...; createdAt: SQLiteColum...'.
src/app/(admin)/admin/page.tsx(68,25): error TS2339: Property 'type' does not exist on type 'SQLiteTableWithColumns<{ name: "donations"; schema: undefined; columns: { id: SQLiteColumn<{ name: "id"; tableName: "donations"; dataType: "number"; columnType: "SQLiteInteger"; data: number; driverParam: number; notNull: true; ... 7 more ...; generated: undefined; }, {}, {}>; ... 18 more ...; createdAt: SQLiteColum...'.
src/app/(admin)/admin/page.tsx(69,27): error TS2339: Property 'itemId' does not exist on type 'SQLiteTableWithColumns<{ name: "donations"; schema: undefined; columns: { id: SQLiteColumn<{ name: "id"; tableName: "donations"; dataType: "number"; columnType: "SQLiteInteger"; data: number; driverParam: number; notNull: true; ... 7 more ...; generated: undefined; }, {}, {}>; ... 18 more ...; createdAt: SQLiteColum...'.
src/app/(dashboard)/donate/page.tsx(12,79): error TS2339: Property 'priceMonth' does not exist on type 'SQLiteTableWithColumns<{ name: "donation_ranks"; schema: undefined; columns: { id: SQLiteColumn<{ name: "id"; tableName: "donation_ranks"; dataType: "string"; columnType: "SQLiteText"; data: string; driverParam: string; notNull: true; ... 7 more ...; generated: undefined; }, {}, { ...; }>; ... 16 more ...; updatedAt...'.
src/app/(dashboard)/donate/page.tsx(16,20): error TS2339: Property 'priceMonth' does not exist on type '{ id: string; name: string; minAmount: number; color: string; textColor: string; icon: string | null; badge: string | null; glow: boolean; duration: number; subtitle: string | null; perks: string | null; ... 6 more ...; updatedAt: Date; }'.
src/app/(dashboard)/donate/page.tsx(16,35): error TS2339: Property 'priceMonth' does not exist on type '{ id: string; name: string; minAmount: number; color: string; textColor: string; icon: string | null; badge: string | null; glow: boolean; duration: number; subtitle: string | null; perks: string | null; ... 6 more ...; updatedAt: Date; }'.
src/app/(dashboard)/donate/page.tsx(19,23): error TS2339: Property 'features' does not exist on type '{ id: string; name: string; minAmount: number; color: string; textColor: string; icon: string | null; badge: string | null; glow: boolean; duration: number; subtitle: string | null; perks: string | null; ... 6 more ...; updatedAt: Date; }'.
src/app/(dashboard)/donate/page.tsx(19,60): error TS2339: Property 'features' does not exist on type '{ id: string; name: string; minAmount: number; color: string; textColor: string; icon: string | null; badge: string | null; glow: boolean; duration: number; subtitle: string | null; perks: string | null; ... 6 more ...; updatedAt: Date; }'.
src/app/(dashboard)/donate/page.tsx(19,75): error TS2339: Property 'features' does not exist on type '{ id: string; name: string; minAmount: number; color: string; textColor: string; icon: string | null; badge: string | null; glow: boolean; duration: number; subtitle: string | null; perks: string | null; ... 6 more ...; updatedAt: Date; }'.
src/app/(dashboard)/donate/page.tsx(33,25): error TS2339: Property 'type' does not exist on type 'SQLiteTableWithColumns<{ name: "donations"; schema: undefined; columns: { id: SQLiteColumn<{ name: "id"; tableName: "donations"; dataType: "number"; columnType: "SQLiteInteger"; data: number; driverParam: number; notNull: true; ... 7 more ...; generated: undefined; }, {}, {}>; ... 18 more ...; createdAt: SQLiteColum...'.
src/app/(dashboard)/donate/page.tsx(34,27): error TS2339: Property 'itemId' does not exist on type 'SQLiteTableWithColumns<{ name: "donations"; schema: undefined; columns: { id: SQLiteColumn<{ name: "id"; tableName: "donations"; dataType: "number"; columnType: "SQLiteInteger"; data: number; driverParam: number; notNull: true; ... 7 more ...; generated: undefined; }, {}, {}>; ... 18 more ...; createdAt: SQLiteColum...'.
src/app/(dashboard)/donate/page.tsx(40,14): error TS2769: No overload matches this call.
  Overload 1 of 3, '(left: SQLiteColumn<{ name: "status"; tableName: "donations"; dataType: "string"; columnType: "SQLiteText"; data: "pending" | "completed" | "failed" | "refunded"; driverParam: string; notNull: true; hasDefault: true; ... 6 more ...; generated: undefined; }, {}, { ...; }>, right: SQLWrapper | ... 3 more ... | "refunded"): SQL<...>', gave the following error.
    Argument of type '"succeeded"' is not assignable to parameter of type 'SQLWrapper | "pending" | "completed" | "failed" | "refunded"'.
  Overload 2 of 3, '(left: Aliased<string>, right: string | SQLWrapper): SQL<unknown>', gave the following error.
    Argument of type 'SQLiteColumn<{ name: "status"; tableName: "donations"; dataType: "string"; columnType: "SQLiteText"; data: "pending" | "completed" | "failed" | "refunded"; driverParam: string; notNull: true; hasDefault: true; ... 6 more ...; generated: undefined; }, {}, { ...; }>' is not assignable to parameter of type 'Aliased<string>'.
      Type 'SQLiteColumn<{ name: "status"; tableName: "donations"; dataType: "string"; columnType: "SQLiteText"; data: "pending" | "completed" | "failed" | "refunded"; driverParam: string; notNull: true; hasDefault: true; ... 6 more ...; generated: undefined; }, {}, { ...; }>' is missing the following properties from type 'Aliased<string>': sql, fieldAlias
  Overload 3 of 3, '(left: never, right: unknown): SQL<unknown>', gave the following error.
    Argument of type 'SQLiteColumn<{ name: "status"; tableName: "donations"; dataType: "string"; columnType: "SQLiteText"; data: "pending" | "completed" | "failed" | "refunded"; driverParam: string; notNull: true; hasDefault: true; ... 6 more ...; generated: undefined; }, {}, { ...; }>' is not assignable to parameter of type 'never'.
src/app/(dashboard)/donate/page.tsx(64,14): error TS2769: No overload matches this call.
  Overload 1 of 3, '(left: SQLiteColumn<{ name: "status"; tableName: "donations"; dataType: "string"; columnType: "SQLiteText"; data: "pending" | "completed" | "failed" | "refunded"; driverParam: string; notNull: true; hasDefault: true; ... 6 more ...; generated: undefined; }, {}, { ...; }>, right: SQLWrapper | ... 3 more ... | "refunded"): SQL<...>', gave the following error.
    Argument of type '"succeeded"' is not assignable to parameter of type 'SQLWrapper | "pending" | "completed" | "failed" | "refunded"'.
  Overload 2 of 3, '(left: Aliased<string>, right: string | SQLWrapper): SQL<unknown>', gave the following error.
    Argument of type 'SQLiteColumn<{ name: "status"; tableName: "donations"; dataType: "string"; columnType: "SQLiteText"; data: "pending" | "completed" | "failed" | "refunded"; driverParam: string; notNull: true; hasDefault: true; ... 6 more ...; generated: undefined; }, {}, { ...; }>' is not assignable to parameter of type 'Aliased<string>'.
      Type 'SQLiteColumn<{ name: "status"; tableName: "donations"; dataType: "string"; columnType: "SQLiteText"; data: "pending" | "completed" | "failed" | "refunded"; driverParam: string; notNull: true; hasDefault: true; ... 6 more ...; generated: undefined; }, {}, { ...; }>' is missing the following properties from type 'Aliased<string>': sql, fieldAlias
  Overload 3 of 3, '(left: never, right: unknown): SQL<unknown>', gave the following error.
    Argument of type 'SQLiteColumn<{ name: "status"; tableName: "donations"; dataType: "string"; columnType: "SQLiteText"; data: "pending" | "completed" | "failed" | "refunded"; driverParam: string; notNull: true; hasDefault: true; ... 6 more ...; generated: undefined; }, {}, { ...; }>' is not assignable to parameter of type 'never'.
src/app/(dashboard)/events/page.tsx(26,28): error TS2339: Property 'banner' does not exist on type 'SQLiteTableWithColumns<{ name: "events"; schema: undefined; columns: { id: SQLiteColumn<{ name: "id"; tableName: "events"; dataType: "number"; columnType: "SQLiteInteger"; data: number; driverParam: number; notNull: true; hasDefault: true; ... 6 more ...; generated: undefined; }, {}, {}>; ... 7 more ...; createdAt: ...'.
src/app/(dashboard)/events/page.tsx(27,27): error TS2339: Property 'hostId' does not exist on type 'SQLiteTableWithColumns<{ name: "events"; schema: undefined; columns: { id: SQLiteColumn<{ name: "id"; tableName: "events"; dataType: "number"; columnType: "SQLiteInteger"; data: number; driverParam: number; notNull: true; hasDefault: true; ... 6 more ...; generated: undefined; }, {}, {}>; ... 7 more ...; createdAt: ...'.
src/app/(dashboard)/events/page.tsx(32,34): error TS2339: Property 'hostId' does not exist on type 'SQLiteTableWithColumns<{ name: "events"; schema: undefined; columns: { id: SQLiteColumn<{ name: "id"; tableName: "events"; dataType: "number"; columnType: "SQLiteInteger"; data: number; driverParam: number; notNull: true; hasDefault: true; ... 6 more ...; generated: undefined; }, {}, {}>; ... 7 more ...; createdAt: ...'.
src/app/(dashboard)/forum/category/[slug]/page.tsx(42,28): error TS2551: Property 'isPinned' does not exist on type 'SQLiteTableWithColumns<{ name: "forum_posts"; schema: undefined; columns: { id: SQLiteColumn<{ name: "id"; tableName: "forum_posts"; dataType: "number"; columnType: "SQLiteInteger"; data: number; driverParam: number; notNull: true; ... 7 more ...; generated: undefined; }, {}, {}>; ... 8 more ...; updatedAt: SQLiteCo...'. Did you mean 'pinned'?
src/app/(dashboard)/forum/category/[slug]/page.tsx(43,28): error TS2551: Property 'isLocked' does not exist on type 'SQLiteTableWithColumns<{ name: "forum_posts"; schema: undefined; columns: { id: SQLiteColumn<{ name: "id"; tableName: "forum_posts"; dataType: "number"; columnType: "SQLiteInteger"; data: number; driverParam: number; notNull: true; ... 7 more ...; generated: undefined; }, {}, {}>; ... 8 more ...; updatedAt: SQLiteCo...'. Did you mean 'locked'?
src/app/(dashboard)/forum/category/[slug]/page.tsx(57,32): error TS2551: Property 'isPinned' does not exist on type 'SQLiteTableWithColumns<{ name: "forum_posts"; schema: undefined; columns: { id: SQLiteColumn<{ name: "id"; tableName: "forum_posts"; dataType: "number"; columnType: "SQLiteInteger"; data: number; driverParam: number; notNull: true; ... 7 more ...; generated: undefined; }, {}, {}>; ... 8 more ...; updatedAt: SQLiteCo...'. Did you mean 'pinned'?
src/app/(dashboard)/forum/page.tsx(18,88): error TS2339: Property 'order' does not exist on type 'SQLiteTableWithColumns<{ name: "forum_categories"; schema: undefined; columns: { id: SQLiteColumn<{ name: "id"; tableName: "forum_categories"; dataType: "number"; columnType: "SQLiteInteger"; data: number; driverParam: number; ... 8 more ...; generated: undefined; }, {}, {}>; ... 8 more ...; createdAt: SQLiteColumn<...'.
src/app/(dashboard)/forum/page.tsx(49,28): error TS2551: Property 'isPinned' does not exist on type 'SQLiteTableWithColumns<{ name: "forum_posts"; schema: undefined; columns: { id: SQLiteColumn<{ name: "id"; tableName: "forum_posts"; dataType: "number"; columnType: "SQLiteInteger"; data: number; driverParam: number; notNull: true; ... 7 more ...; generated: undefined; }, {}, {}>; ... 8 more ...; updatedAt: SQLiteCo...'. Did you mean 'pinned'?
src/app/(dashboard)/forum/page.tsx(50,28): error TS2551: Property 'isLocked' does not exist on type 'SQLiteTableWithColumns<{ name: "forum_posts"; schema: undefined; columns: { id: SQLiteColumn<{ name: "id"; tableName: "forum_posts"; dataType: "number"; columnType: "SQLiteInteger"; data: number; driverParam: number; notNull: true; ... 7 more ...; generated: undefined; }, {}, {}>; ... 8 more ...; updatedAt: SQLiteCo...'. Did you mean 'locked'?
src/app/(dashboard)/forum/page.tsx(68,32): error TS2551: Property 'isPinned' does not exist on type 'SQLiteTableWithColumns<{ name: "forum_posts"; schema: undefined; columns: { id: SQLiteColumn<{ name: "id"; tableName: "forum_posts"; dataType: "number"; columnType: "SQLiteInteger"; data: number; driverParam: number; notNull: true; ... 7 more ...; generated: undefined; }, {}, {}>; ... 8 more ...; updatedAt: SQLiteCo...'. Did you mean 'pinned'?
src/app/(dashboard)/profile/[username]/page.tsx(73,31): error TS2339: Property 'authorId' does not exist on type 'SQLiteTableWithColumns<{ name: "social_posts"; schema: undefined; columns: { id: SQLiteColumn<{ name: "id"; tableName: "social_posts"; dataType: "number"; columnType: "SQLiteInteger"; data: number; driverParam: number; notNull: true; ... 7 more ...; generated: undefined; }, {}, {}>; ... 6 more ...; updatedAt: SQLite...'.
src/app/(dashboard)/profile/[username]/page.tsx(77,45): error TS2339: Property 'amount' does not exist on type 'SQLiteTableWithColumns<{ name: "server_xp"; schema: undefined; columns: { id: SQLiteColumn<{ name: "id"; tableName: "server_xp"; dataType: "number"; columnType: "SQLiteInteger"; data: number; driverParam: number; notNull: true; ... 7 more ...; generated: undefined; }, {}, {}>; ... 6 more ...; createdAt: SQLiteColumn...'.
src/app/(dashboard)/profile/[username]/page.tsx(104,29): error TS2339: Property 'authorId' does not exist on type 'SQLiteTableWithColumns<{ name: "social_posts"; schema: undefined; columns: { id: SQLiteColumn<{ name: "id"; tableName: "social_posts"; dataType: "number"; columnType: "SQLiteInteger"; data: number; driverParam: number; notNull: true; ... 7 more ...; generated: undefined; }, {}, {}>; ... 6 more ...; updatedAt: SQLite...'.
src/app/(dashboard)/profile/[username]/page.tsx(119,34): error TS2339: Property 'requesterId' does not exist on type 'SQLiteTableWithColumns<{ name: "friendships"; schema: undefined; columns: { id: SQLiteColumn<{ name: "id"; tableName: "friendships"; dataType: "number"; columnType: "SQLiteInteger"; data: number; driverParam: number; notNull: true; ... 7 more ...; generated: undefined; }, {}, {}>; ... 4 more ...; updatedAt: SQLiteCo...'.
src/app/(dashboard)/profile/[username]/page.tsx(120,34): error TS2339: Property 'addresseeId' does not exist on type 'SQLiteTableWithColumns<{ name: "friendships"; schema: undefined; columns: { id: SQLiteColumn<{ name: "id"; tableName: "friendships"; dataType: "number"; columnType: "SQLiteInteger"; data: number; driverParam: number; notNull: true; ... 7 more ...; generated: undefined; }, {}, {}>; ... 4 more ...; updatedAt: SQLiteCo...'.
src/app/(dashboard)/profile/[username]/page.tsx(125,30): error TS2339: Property 'requesterId' does not exist on type 'SQLiteTableWithColumns<{ name: "friendships"; schema: undefined; columns: { id: SQLiteColumn<{ name: "id"; tableName: "friendships"; dataType: "number"; columnType: "SQLiteInteger"; data: number; driverParam: number; notNull: true; ... 7 more ...; generated: undefined; }, {}, {}>; ... 4 more ...; updatedAt: SQLiteCo...'.
src/app/(dashboard)/profile/[username]/page.tsx(125,73): error TS2339: Property 'addresseeId' does not exist on type 'SQLiteTableWithColumns<{ name: "friendships"; schema: undefined; columns: { id: SQLiteColumn<{ name: "id"; tableName: "friendships"; dataType: "number"; columnType: "SQLiteInteger"; data: number; driverParam: number; notNull: true; ... 7 more ...; generated: undefined; }, {}, {}>; ... 4 more ...; updatedAt: SQLiteCo...'.
src/app/(dashboard)/profile/[username]/page.tsx(126,30): error TS2339: Property 'requesterId' does not exist on type 'SQLiteTableWithColumns<{ name: "friendships"; schema: undefined; columns: { id: SQLiteColumn<{ name: "id"; tableName: "friendships"; dataType: "number"; columnType: "SQLiteInteger"; data: number; driverParam: number; notNull: true; ... 7 more ...; generated: undefined; }, {}, {}>; ... 4 more ...; updatedAt: SQLiteCo...'.
src/app/(dashboard)/profile/[username]/page.tsx(126,74): error TS2339: Property 'addresseeId' does not exist on type 'SQLiteTableWithColumns<{ name: "friendships"; schema: undefined; columns: { id: SQLiteColumn<{ name: "id"; tableName: "friendships"; dataType: "number"; columnType: "SQLiteInteger"; data: number; driverParam: number; notNull: true; ... 7 more ...; generated: undefined; }, {}, {}>; ... 4 more ...; updatedAt: SQLiteCo...'.
src/app/(dashboard)/profile/[username]/page.tsx(302,33): error TS2339: Property 'likes' does not exist on type '{ id: number; userId: number; content: string; imageUrl: string | null; likesCount: number; commentsCount: number; createdAt: Date; updatedAt: Date; }'.
src/app/api/admin/donations/route.ts(40,26): error TS2339: Property 'stripePaymentIntentId' does not exist on type 'SQLiteTableWithColumns<{ name: "donations"; schema: undefined; columns: { id: SQLiteColumn<{ name: "id"; tableName: "donations"; dataType: "number"; columnType: "SQLiteInteger"; data: number; driverParam: number; notNull: true; ... 7 more ...; generated: undefined; }, {}, {}>; ... 18 more ...; createdAt: SQLiteColum...'.
src/app/api/admin/donations/route.ts(46,23): error TS2769: No overload matches this call.
  Overload 1 of 3, '(left: SQLiteColumn<{ name: "status"; tableName: "donations"; dataType: "string"; columnType: "SQLiteText"; data: "pending" | "completed" | "failed" | "refunded"; driverParam: string; notNull: true; hasDefault: true; ... 6 more ...; generated: undefined; }, {}, { ...; }>, right: SQLWrapper | ... 3 more ... | "refunded"): SQL<...>', gave the following error.
    Argument of type 'string' is not assignable to parameter of type 'SQLWrapper | "pending" | "completed" | "failed" | "refunded"'.
  Overload 2 of 3, '(left: Aliased<string>, right: string | SQLWrapper): SQL<unknown>', gave the following error.
    Argument of type 'SQLiteColumn<{ name: "status"; tableName: "donations"; dataType: "string"; columnType: "SQLiteText"; data: "pending" | "completed" | "failed" | "refunded"; driverParam: string; notNull: true; hasDefault: true; ... 6 more ...; generated: undefined; }, {}, { ...; }>' is not assignable to parameter of type 'Aliased<string>'.
      Type 'SQLiteColumn<{ name: "status"; tableName: "donations"; dataType: "string"; columnType: "SQLiteText"; data: "pending" | "completed" | "failed" | "refunded"; driverParam: string; notNull: true; hasDefault: true; ... 6 more ...; generated: undefined; }, {}, { ...; }>' is missing the following properties from type 'Aliased<string>': sql, fieldAlias
  Overload 3 of 3, '(left: never, right: unknown): SQL<unknown>', gave the following error.
    Argument of type 'SQLiteColumn<{ name: "status"; tableName: "donations"; dataType: "string"; columnType: "SQLiteText"; data: "pending" | "completed" | "failed" | "refunded"; driverParam: string; notNull: true; hasDefault: true; ... 6 more ...; generated: undefined; }, {}, { ...; }>' is not assignable to parameter of type 'never'.
src/app/api/admin/donations/route.ts(50,36): error TS2339: Property 'type' does not exist on type 'SQLiteTableWithColumns<{ name: "donations"; schema: undefined; columns: { id: SQLiteColumn<{ name: "id"; tableName: "donations"; dataType: "number"; columnType: "SQLiteInteger"; data: number; driverParam: number; notNull: true; ... 7 more ...; generated: undefined; }, {}, {}>; ... 18 more ...; createdAt: SQLiteColum...'.
src/app/api/admin/donations/route.ts(65,28): error TS2339: Property 'metadata' does not exist on type 'SQLiteTableWithColumns<{ name: "donations"; schema: undefined; columns: { id: SQLiteColumn<{ name: "id"; tableName: "donations"; dataType: "number"; columnType: "SQLiteInteger"; data: number; driverParam: number; notNull: true; ... 7 more ...; generated: undefined; }, {}, {}>; ... 18 more ...; createdAt: SQLiteColum...'.
src/app/api/admin/donations/route.ts(66,42): error TS2339: Property 'stripePaymentIntentId' does not exist on type 'SQLiteTableWithColumns<{ name: "donations"; schema: undefined; columns: { id: SQLiteColumn<{ name: "id"; tableName: "donations"; dataType: "number"; columnType: "SQLiteInteger"; data: number; driverParam: number; notNull: true; ... 7 more ...; generated: undefined; }, {}, {}>; ... 18 more ...; createdAt: SQLiteColum...'.
src/app/api/admin/donations/route.ts(67,27): error TS2339: Property 'itemId' does not exist on type 'SQLiteTableWithColumns<{ name: "donations"; schema: undefined; columns: { id: SQLiteColumn<{ name: "id"; tableName: "donations"; dataType: "number"; columnType: "SQLiteInteger"; data: number; driverParam: number; notNull: true; ... 7 more ...; generated: undefined; }, {}, {}>; ... 18 more ...; createdAt: SQLiteColum...'.
src/app/api/admin/donations/route.ts(68,25): error TS2339: Property 'type' does not exist on type 'SQLiteTableWithColumns<{ name: "donations"; schema: undefined; columns: { id: SQLiteColumn<{ name: "id"; tableName: "donations"; dataType: "number"; columnType: "SQLiteInteger"; data: number; driverParam: number; notNull: true; ... 7 more ...; generated: undefined; }, {}, {}>; ... 18 more ...; createdAt: SQLiteColum...'.
src/app/api/admin/donations/route.ts(77,45): error TS2339: Property 'itemId' does not exist on type 'SQLiteTableWithColumns<{ name: "donations"; schema: undefined; columns: { id: SQLiteColumn<{ name: "id"; tableName: "donations"; dataType: "number"; columnType: "SQLiteInteger"; data: number; driverParam: number; notNull: true; ... 7 more ...; generated: undefined; }, {}, {}>; ... 18 more ...; createdAt: SQLiteColum...'.
src/app/api/admin/donations/route.ts(154,8): error TS2769: No overload matches this call.
  Overload 1 of 2, '(value: { amount: number | SQL<unknown> | Placeholder<string, any>; id?: number | SQL<unknown> | Placeholder<string, any> | undefined; minecraftUsername?: string | SQL<...> | Placeholder<...> | null | undefined; ... 16 more ...; stripePriceId?: string | ... 3 more ... | undefined; }): SQLiteInsertBase<...>', gave the following error.
    Object literal may only specify known properties, and 'type' does not exist in type '{ amount: number | SQL<unknown> | Placeholder<string, any>; id?: number | SQL<unknown> | Placeholder<string, any> | undefined; minecraftUsername?: string | SQL<...> | Placeholder<...> | null | undefined; ... 16 more ...; stripePriceId?: string | ... 3 more ... | undefined; }'.
  Overload 2 of 2, '(values: { amount: number | SQL<unknown> | Placeholder<string, any>; id?: number | SQL<unknown> | Placeholder<string, any> | undefined; minecraftUsername?: string | SQL<...> | Placeholder<...> | null | undefined; ... 16 more ...; stripePriceId?: string | ... 3 more ... | undefined; }[]): SQLiteInsertBase<...>', gave the following error.
    Object literal may only specify known properties, and 'userId' does not exist in type '{ amount: number | SQL<unknown> | Placeholder<string, any>; id?: number | SQL<unknown> | Placeholder<string, any> | undefined; minecraftUsername?: string | SQL<...> | Placeholder<...> | null | undefined; ... 16 more ...; stripePriceId?: string | ... 3 more ... | undefined; }[]'.
src/app/api/admin/donor-ranks/[id]/route.ts(59,9): error TS2353: Object literal may only specify known properties, and 'description' does not exist in type '{ id?: string | SQL<unknown> | SQLiteColumn<ColumnBaseConfig<ColumnDataType, string>, {}, {}> | undefined; name?: string | SQL<...> | SQLiteColumn<...> | undefined; ... 15 more ...; updatedAt?: SQL<...> | ... 2 more ... | undefined; }'.
src/app/api/admin/donor-ranks/route.ts(26,34): error TS2339: Property 'priceMonth' does not exist on type 'SQLiteTableWithColumns<{ name: "donation_ranks"; schema: undefined; columns: { id: SQLiteColumn<{ name: "id"; tableName: "donation_ranks"; dataType: "string"; columnType: "SQLiteText"; data: string; driverParam: string; notNull: true; ... 7 more ...; generated: undefined; }, {}, { ...; }>; ... 16 more ...; updatedAt...'.
src/app/api/admin/donor-ranks/route.ts(64,8): error TS2769: No overload matches this call.
  Overload 1 of 2, '(value: { id: string | SQL<unknown> | Placeholder<string, any>; name: string | SQL<unknown> | Placeholder<string, any>; minAmount: number | SQL<unknown> | Placeholder<...>; ... 14 more ...; updatedAt?: SQL<...> | ... 2 more ... | undefined; }): SQLiteInsertBase<...>', gave the following error.
    Object literal may only specify known properties, and 'description' does not exist in type '{ id: string | SQL<unknown> | Placeholder<string, any>; name: string | SQL<unknown> | Placeholder<string, any>; minAmount: number | SQL<unknown> | Placeholder<string, any>; ... 14 more ...; updatedAt?: SQL<...> | ... 2 more ... | undefined; }'.
  Overload 2 of 2, '(values: { id: string | SQL<unknown> | Placeholder<string, any>; name: string | SQL<unknown> | Placeholder<string, any>; minAmount: number | SQL<unknown> | Placeholder<...>; ... 14 more ...; updatedAt?: SQL<...> | ... 2 more ... | undefined; }[]): SQLiteInsertBase<...>', gave the following error.
    Object literal may only specify known properties, and 'id' does not exist in type '{ id: string | SQL<unknown> | Placeholder<string, any>; name: string | SQL<unknown> | Placeholder<string, any>; minAmount: number | SQL<unknown> | Placeholder<string, any>; ... 14 more ...; updatedAt?: SQL<...> | ... 2 more ... | undefined; }[]'.
src/app/api/admin/donor-ranks/route.ts(113,9): error TS2353: Object literal may only specify known properties, and 'description' does not exist in type '{ id?: string | SQL<unknown> | SQLiteColumn<ColumnBaseConfig<ColumnDataType, string>, {}, {}> | undefined; name?: string | SQL<...> | SQLiteColumn<...> | undefined; ... 15 more ...; updatedAt?: SQL<...> | ... 2 more ... | undefined; }'.
src/app/api/admin/forum/categories/[id]/route.ts(69,9): error TS2353: Object literal may only specify known properties, and 'color' does not exist in type '{ name?: string | SQL<unknown> | SQLiteColumn<ColumnBaseConfig<ColumnDataType, string>, {}, {}> | undefined; slug?: string | SQL<...> | SQLiteColumn<...> | undefined; ... 7 more ...; viewPermission?: "user" | ... 5 more ... | undefined; }'.
src/app/api/admin/forum/categories/[id]/route.ts(69,55): error TS2339: Property 'color' does not exist on type '{ id: number; name: string; description: string | null; slug: string; icon: string | null; orderIndex: number; createPermission: "user" | "moderator" | "admin" | "superadmin"; replyPermission: "user" | ... 2 more ... | "superadmin"; viewPermission: "user" | ... 2 more ... | "superadmin"; createdAt: Date; }'.
src/app/api/admin/forum/categories/[id]/route.ts(70,55): error TS2339: Property 'order' does not exist on type '{ id: number; name: string; description: string | null; slug: string; icon: string | null; orderIndex: number; createPermission: "user" | "moderator" | "admin" | "superadmin"; replyPermission: "user" | ... 2 more ... | "superadmin"; viewPermission: "user" | ... 2 more ... | "superadmin"; createdAt: Date; }'.
src/app/api/admin/forum/categories/[id]/route.ts(71,38): error TS2339: Property 'minRole' does not exist on type '{ id: number; name: string; description: string | null; slug: string; icon: string | null; orderIndex: number; createPermission: "user" | "moderator" | "admin" | "superadmin"; replyPermission: "user" | ... 2 more ... | "superadmin"; viewPermission: "user" | ... 2 more ... | "superadmin"; createdAt: Date; }'.
src/app/api/admin/forum/categories/[id]/route.ts(72,67): error TS2339: Property 'isPrivate' does not exist on type '{ id: number; name: string; description: string | null; slug: string; icon: string | null; orderIndex: number; createPermission: "user" | "moderator" | "admin" | "superadmin"; replyPermission: "user" | ... 2 more ... | "superadmin"; viewPermission: "user" | ... 2 more ... | "superadmin"; createdAt: Date; }'.
src/app/api/admin/forum/categories/reorder/route.ts(37,28): error TS2353: Object literal may only specify known properties, and 'order' does not exist in type '{ name?: string | SQL<unknown> | SQLiteColumn<ColumnBaseConfig<ColumnDataType, string>, {}, {}> | undefined; slug?: string | SQL<...> | SQLiteColumn<...> | undefined; ... 7 more ...; viewPermission?: "user" | ... 5 more ... | undefined; }'.
src/app/api/admin/forum/categories/route.ts(31,32): error TS2339: Property 'color' does not exist on type 'SQLiteTableWithColumns<{ name: "forum_categories"; schema: undefined; columns: { id: SQLiteColumn<{ name: "id"; tableName: "forum_categories"; dataType: "number"; columnType: "SQLiteInteger"; data: number; driverParam: number; ... 8 more ...; generated: undefined; }, {}, {}>; ... 8 more ...; createdAt: SQLiteColumn<...'.
src/app/api/admin/forum/categories/route.ts(32,32): error TS2339: Property 'order' does not exist on type 'SQLiteTableWithColumns<{ name: "forum_categories"; schema: undefined; columns: { id: SQLiteColumn<{ name: "id"; tableName: "forum_categories"; dataType: "number"; columnType: "SQLiteInteger"; data: number; driverParam: number; ... 8 more ...; generated: undefined; }, {}, {}>; ... 8 more ...; createdAt: SQLiteColumn<...'.
src/app/api/admin/forum/categories/route.ts(33,34): error TS2339: Property 'minRole' does not exist on type 'SQLiteTableWithColumns<{ name: "forum_categories"; schema: undefined; columns: { id: SQLiteColumn<{ name: "id"; tableName: "forum_categories"; dataType: "number"; columnType: "SQLiteInteger"; data: number; driverParam: number; ... 8 more ...; generated: undefined; }, {}, {}>; ... 8 more ...; createdAt: SQLiteColumn<...'.
src/app/api/admin/forum/categories/route.ts(34,36): error TS2339: Property 'isPrivate' does not exist on type 'SQLiteTableWithColumns<{ name: "forum_categories"; schema: undefined; columns: { id: SQLiteColumn<{ name: "id"; tableName: "forum_categories"; dataType: "number"; columnType: "SQLiteInteger"; data: number; driverParam: number; ... 8 more ...; generated: undefined; }, {}, {}>; ... 8 more ...; createdAt: SQLiteColumn<...'.
src/app/api/admin/forum/categories/route.ts(39,36): error TS2339: Property 'order' does not exist on type 'SQLiteTableWithColumns<{ name: "forum_categories"; schema: undefined; columns: { id: SQLiteColumn<{ name: "id"; tableName: "forum_categories"; dataType: "number"; columnType: "SQLiteInteger"; data: number; driverParam: number; ... 8 more ...; generated: undefined; }, {}, {}>; ... 8 more ...; createdAt: SQLiteColumn<...'.
src/app/api/admin/forum/categories/route.ts(88,8): error TS2769: No overload matches this call.
  Overload 1 of 2, '(value: { name: string | SQL<unknown> | Placeholder<string, any>; slug: string | SQL<unknown> | Placeholder<string, any>; id?: number | SQL<unknown> | Placeholder<string, any> | undefined; ... 6 more ...; viewPermission?: "user" | ... 5 more ... | undefined; }): SQLiteInsertBase<...>', gave the following error.
    Object literal may only specify known properties, and 'color' does not exist in type '{ name: string | SQL<unknown> | Placeholder<string, any>; slug: string | SQL<unknown> | Placeholder<string, any>; id?: number | SQL<unknown> | Placeholder<string, any> | undefined; ... 6 more ...; viewPermission?: "user" | ... 5 more ... | undefined; }'.
  Overload 2 of 2, '(values: { name: string | SQL<unknown> | Placeholder<string, any>; slug: string | SQL<unknown> | Placeholder<string, any>; id?: number | SQL<unknown> | Placeholder<string, any> | undefined; ... 6 more ...; viewPermission?: "user" | ... 5 more ... | undefined; }[]): SQLiteInsertBase<...>', gave the following error.
    Object literal may only specify known properties, and 'name' does not exist in type '{ name: string | SQL<unknown> | Placeholder<string, any>; slug: string | SQL<unknown> | Placeholder<string, any>; id?: number | SQL<unknown> | Placeholder<string, any> | undefined; ... 6 more ...; viewPermission?: "user" | ... 5 more ... | undefined; }[]'.
src/app/api/admin/moderation/lock-post/route.ts(42,18): error TS2551: Property 'isLocked' does not exist on type '{ id: number; categoryId: number; title: string; content: string; authorId: number; pinned: boolean; locked: boolean; views: number; createdAt: Date; updatedAt: Date; }'. Did you mean 'locked'?
src/app/api/admin/moderation/lock-post/route.ts(49,17): error TS2561: Object literal may only specify known properties, but 'isLocked' does not exist in type '{ title?: string | SQL<unknown> | SQLiteColumn<ColumnBaseConfig<ColumnDataType, string>, {}, {}> | undefined; categoryId?: number | SQL<...> | SQLiteColumn<...> | undefined; ... 7 more ...; views?: number | ... 2 more ... | undefined; }'. Did you mean to write 'locked'?
src/app/api/admin/moderation/reports/[id]/route.ts(42,17): error TS2353: Object literal may only specify known properties, and 'resolvedBy' does not exist in type '{ contentType?: string | SQL<unknown> | SQLiteColumn<ColumnBaseConfig<ColumnDataType, string>, {}, {}> | undefined; contentId?: number | ... 2 more ... | undefined; ... 8 more ...; reviewNotes?: string | ... 3 more ... | undefined; }'.
src/app/api/admin/moderation/route.ts(33,38): error TS2551: Property 'isLocked' does not exist on type 'SQLiteTableWithColumns<{ name: "forum_posts"; schema: undefined; columns: { id: SQLiteColumn<{ name: "id"; tableName: "forum_posts"; dataType: "number"; columnType: "SQLiteInteger"; data: number; driverParam: number; notNull: true; ... 7 more ...; generated: undefined; }, {}, {}>; ... 8 more ...; updatedAt: SQLiteCo...'. Did you mean 'locked'?
src/app/api/admin/moderation/unlock-post/route.ts(42,19): error TS2551: Property 'isLocked' does not exist on type '{ id: number; categoryId: number; title: string; content: string; authorId: number; pinned: boolean; locked: boolean; views: number; createdAt: Date; updatedAt: Date; }'. Did you mean 'locked'?
src/app/api/admin/moderation/unlock-post/route.ts(50,17): error TS2561: Object literal may only specify known properties, but 'isLocked' does not exist in type '{ title?: string | SQL<unknown> | SQLiteColumn<ColumnBaseConfig<ColumnDataType, string>, {}, {}> | undefined; categoryId?: number | SQL<...> | SQLiteColumn<...> | undefined; ... 7 more ...; views?: number | ... 2 more ... | undefined; }'. Did you mean to write 'locked'?
src/app/api/admin/uptime/route.ts(41,34): error TS2551: Property 'address' does not exist on type 'SQLiteTableWithColumns<{ name: "servers"; schema: undefined; columns: { id: SQLiteColumn<{ name: "id"; tableName: "servers"; dataType: "number"; columnType: "SQLiteInteger"; data: number; driverParam: number; notNull: true; hasDefault: true; ... 6 more ...; generated: undefined; }, {}, {}>; ... 15 more ...; updatedA...'. Did you mean 'ipAddress'?
src/app/api/cron/uptime/route.ts(270,33): error TS2551: Property 'address' does not exist on type '{ id: number; name: string; description: string | null; ipAddress: string; port: number; hidePort: boolean; modpackName: string | null; bluemapUrl: string | null; curseforgeUrl: string | null; ... 7 more ...; updatedAt: Date; }'. Did you mean 'ipAddress'?
src/app/api/cron/uptime/route.ts(300,21): error TS2353: Object literal may only specify known properties, and 'online' does not exist in type '{ name?: string | SQL<unknown> | SQLiteColumn<ColumnBaseConfig<ColumnDataType, string>, {}, {}> | undefined; ipAddress?: string | SQL<...> | SQLiteColumn<...> | undefined; ... 14 more ...; apiKey?: string | ... 3 more ... | undefined; }'.
src/app/api/donation-ranks/route.ts(15,34): error TS2339: Property 'priceMonth' does not exist on type 'SQLiteTableWithColumns<{ name: "donation_ranks"; schema: undefined; columns: { id: SQLiteColumn<{ name: "id"; tableName: "donation_ranks"; dataType: "string"; columnType: "SQLiteText"; data: string; driverParam: string; notNull: true; ... 7 more ...; generated: undefined; }, {}, { ...; }>; ... 16 more ...; updatedAt...'.
src/app/api/donation-ranks/route.ts(20,22): error TS2339: Property 'features' does not exist on type '{ id: string; name: string; minAmount: number; color: string; textColor: string; icon: string | null; badge: string | null; glow: boolean; duration: number; subtitle: string | null; perks: string | null; ... 6 more ...; updatedAt: Date; }'.
src/app/api/donation-ranks/route.ts(20,49): error TS2339: Property 'features' does not exist on type '{ id: string; name: string; minAmount: number; color: string; textColor: string; icon: string | null; badge: string | null; glow: boolean; duration: number; subtitle: string | null; perks: string | null; ... 6 more ...; updatedAt: Date; }'.
src/app/api/events/[id]/route.ts(29,28): error TS2339: Property 'banner' does not exist on type 'SQLiteTableWithColumns<{ name: "events"; schema: undefined; columns: { id: SQLiteColumn<{ name: "id"; tableName: "events"; dataType: "number"; columnType: "SQLiteInteger"; data: number; driverParam: number; notNull: true; hasDefault: true; ... 6 more ...; generated: undefined; }, {}, {}>; ... 7 more ...; createdAt: ...'.
src/app/api/events/[id]/route.ts(31,27): error TS2339: Property 'hostId' does not exist on type 'SQLiteTableWithColumns<{ name: "events"; schema: undefined; columns: { id: SQLiteColumn<{ name: "id"; tableName: "events"; dataType: "number"; columnType: "SQLiteInteger"; data: number; driverParam: number; notNull: true; hasDefault: true; ... 6 more ...; generated: undefined; }, {}, {}>; ... 7 more ...; createdAt: ...'.
src/app/api/events/[id]/route.ts(36,34): error TS2339: Property 'hostId' does not exist on type 'SQLiteTableWithColumns<{ name: "events"; schema: undefined; columns: { id: SQLiteColumn<{ name: "id"; tableName: "events"; dataType: "number"; columnType: "SQLiteInteger"; data: number; driverParam: number; notNull: true; hasDefault: true; ... 6 more ...; generated: undefined; }, {}, {}>; ... 7 more ...; createdAt: ...'.
src/app/api/events/[id]/route.ts(80,9): error TS2353: Object literal may only specify known properties, and 'banner' does not exist in type '{ title?: string | SQL<unknown> | SQLiteColumn<ColumnBaseConfig<ColumnDataType, string>, {}, {}> | undefined; creatorId?: number | SQL<...> | SQLiteColumn<...> | undefined; ... 6 more ...; endTime?: SQL<...> | ... 3 more ... | undefined; }'.
src/app/api/events/route.ts(22,28): error TS2339: Property 'banner' does not exist on type 'SQLiteTableWithColumns<{ name: "events"; schema: undefined; columns: { id: SQLiteColumn<{ name: "id"; tableName: "events"; dataType: "number"; columnType: "SQLiteInteger"; data: number; driverParam: number; notNull: true; hasDefault: true; ... 6 more ...; generated: undefined; }, {}, {}>; ... 7 more ...; createdAt: ...'.
src/app/api/events/route.ts(24,27): error TS2339: Property 'hostId' does not exist on type 'SQLiteTableWithColumns<{ name: "events"; schema: undefined; columns: { id: SQLiteColumn<{ name: "id"; tableName: "events"; dataType: "number"; columnType: "SQLiteInteger"; data: number; driverParam: number; notNull: true; hasDefault: true; ... 6 more ...; generated: undefined; }, {}, {}>; ... 7 more ...; createdAt: ...'.
src/app/api/events/route.ts(31,34): error TS2339: Property 'hostId' does not exist on type 'SQLiteTableWithColumns<{ name: "events"; schema: undefined; columns: { id: SQLiteColumn<{ name: "id"; tableName: "events"; dataType: "number"; columnType: "SQLiteInteger"; data: number; driverParam: number; notNull: true; hasDefault: true; ... 6 more ...; generated: undefined; }, {}, {}>; ... 7 more ...; createdAt: ...'.
src/app/api/events/route.ts(77,8): error TS2769: No overload matches this call.
  Overload 1 of 2, '(value: { title: string | SQL<unknown> | Placeholder<string, any>; creatorId: number | SQL<unknown> | Placeholder<string, any>; startTime: SQL<unknown> | Date | Placeholder<...>; ... 5 more ...; endTime?: SQL<...> | ... 3 more ... | undefined; }): SQLiteInsertBase<...>', gave the following error.
    Object literal may only specify known properties, and 'banner' does not exist in type '{ title: string | SQL<unknown> | Placeholder<string, any>; creatorId: number | SQL<unknown> | Placeholder<string, any>; startTime: SQL<unknown> | Date | Placeholder<...>; ... 5 more ...; endTime?: SQL<...> | ... 3 more ... | undefined; }'.
  Overload 2 of 2, '(values: { title: string | SQL<unknown> | Placeholder<string, any>; creatorId: number | SQL<unknown> | Placeholder<string, any>; startTime: SQL<unknown> | Date | Placeholder<...>; ... 5 more ...; endTime?: SQL<...> | ... 3 more ... | undefined; }[]): SQLiteInsertBase<...>', gave the following error.
    Object literal may only specify known properties, and 'title' does not exist in type '{ title: string | SQL<unknown> | Placeholder<string, any>; creatorId: number | SQL<unknown> | Placeholder<string, any>; startTime: SQL<unknown> | Date | Placeholder<...>; ... 5 more ...; endTime?: SQL<...> | ... 3 more ... | undefined; }[]'.
src/app/api/forum/categories/route.ts(11,36): error TS2339: Property 'order' does not exist on type 'SQLiteTableWithColumns<{ name: "forum_categories"; schema: undefined; columns: { id: SQLiteColumn<{ name: "id"; tableName: "forum_categories"; dataType: "number"; columnType: "SQLiteInteger"; data: number; driverParam: number; ... 8 more ...; generated: undefined; }, {}, {}>; ... 8 more ...; createdAt: SQLiteColumn<...'.
src/app/api/forum/posts/[id]/replies/route.ts(38,14): error TS2551: Property 'isLocked' does not exist on type '{ id: number; categoryId: number; title: string; content: string; authorId: number; pinned: boolean; locked: boolean; views: number; createdAt: Date; updatedAt: Date; }'. Did you mean 'locked'?
src/app/api/forum/posts/[id]/route.ts(33,28): error TS2551: Property 'isPinned' does not exist on type 'SQLiteTableWithColumns<{ name: "forum_posts"; schema: undefined; columns: { id: SQLiteColumn<{ name: "id"; tableName: "forum_posts"; dataType: "number"; columnType: "SQLiteInteger"; data: number; driverParam: number; notNull: true; ... 7 more ...; generated: undefined; }, {}, {}>; ... 8 more ...; updatedAt: SQLiteCo...'. Did you mean 'pinned'?
src/app/api/forum/posts/[id]/route.ts(34,28): error TS2551: Property 'isLocked' does not exist on type 'SQLiteTableWithColumns<{ name: "forum_posts"; schema: undefined; columns: { id: SQLiteColumn<{ name: "id"; tableName: "forum_posts"; dataType: "number"; columnType: "SQLiteInteger"; data: number; driverParam: number; notNull: true; ... 7 more ...; generated: undefined; }, {}, {}>; ... 8 more ...; updatedAt: SQLiteCo...'. Did you mean 'locked'?
src/app/api/forum/posts/route.ts(20,28): error TS2551: Property 'isPinned' does not exist on type 'SQLiteTableWithColumns<{ name: "forum_posts"; schema: undefined; columns: { id: SQLiteColumn<{ name: "id"; tableName: "forum_posts"; dataType: "number"; columnType: "SQLiteInteger"; data: number; driverParam: number; notNull: true; ... 7 more ...; generated: undefined; }, {}, {}>; ... 8 more ...; updatedAt: SQLiteCo...'. Did you mean 'pinned'?
src/app/api/forum/posts/route.ts(21,28): error TS2551: Property 'isLocked' does not exist on type 'SQLiteTableWithColumns<{ name: "forum_posts"; schema: undefined; columns: { id: SQLiteColumn<{ name: "id"; tableName: "forum_posts"; dataType: "number"; columnType: "SQLiteInteger"; data: number; driverParam: number; notNull: true; ... 7 more ...; generated: undefined; }, {}, {}>; ... 8 more ...; updatedAt: SQLiteCo...'. Did you mean 'locked'?
src/app/api/forum/posts/route.ts(35,32): error TS2551: Property 'isPinned' does not exist on type 'SQLiteTableWithColumns<{ name: "forum_posts"; schema: undefined; columns: { id: SQLiteColumn<{ name: "id"; tableName: "forum_posts"; dataType: "number"; columnType: "SQLiteInteger"; data: number; driverParam: number; notNull: true; ... 7 more ...; generated: undefined; }, {}, {}>; ... 8 more ...; updatedAt: SQLiteCo...'. Did you mean 'pinned'?
src/app/api/forum/posts/route.ts(106,51): error TS2769: No overload matches this call.
  Overload 1 of 2, '(value: { title: string | SQL<unknown> | Placeholder<string, any>; categoryId: number | SQL<unknown> | Placeholder<string, any>; content: string | SQL<unknown> | Placeholder<...>; ... 6 more ...; views?: number | ... 2 more ... | undefined; }): SQLiteInsertBase<...>', gave the following error.
    Object literal may only specify known properties, and 'slug' does not exist in type '{ title: string | SQL<unknown> | Placeholder<string, any>; categoryId: number | SQL<unknown> | Placeholder<string, any>; content: string | SQL<unknown> | Placeholder<...>; ... 6 more ...; views?: number | ... 2 more ... | undefined; }'.
  Overload 2 of 2, '(values: { title: string | SQL<unknown> | Placeholder<string, any>; categoryId: number | SQL<unknown> | Placeholder<string, any>; content: string | SQL<unknown> | Placeholder<...>; ... 6 more ...; views?: number | ... 2 more ... | undefined; }[]): SQLiteInsertBase<...>', gave the following error.
    Object literal may only specify known properties, and 'title' does not exist in type '{ title: string | SQL<unknown> | Placeholder<string, any>; categoryId: number | SQL<unknown> | Placeholder<string, any>; content: string | SQL<unknown> | Placeholder<...>; ... 6 more ...; views?: number | ... 2 more ... | undefined; }[]'.
src/app/api/friends/search/route.ts(44,34): error TS2339: Property 'requesterId' does not exist on type 'SQLiteTableWithColumns<{ name: "friendships"; schema: undefined; columns: { id: SQLiteColumn<{ name: "id"; tableName: "friendships"; dataType: "number"; columnType: "SQLiteInteger"; data: number; driverParam: number; notNull: true; ... 7 more ...; generated: undefined; }, {}, {}>; ... 4 more ...; updatedAt: SQLiteCo...'.
src/app/api/friends/search/route.ts(45,34): error TS2339: Property 'addresseeId' does not exist on type 'SQLiteTableWithColumns<{ name: "friendships"; schema: undefined; columns: { id: SQLiteColumn<{ name: "id"; tableName: "friendships"; dataType: "number"; columnType: "SQLiteInteger"; data: number; driverParam: number; notNull: true; ... 7 more ...; generated: undefined; }, {}, {}>; ... 4 more ...; updatedAt: SQLiteCo...'.
src/app/api/friends/search/route.ts(51,30): error TS2339: Property 'requesterId' does not exist on type 'SQLiteTableWithColumns<{ name: "friendships"; schema: undefined; columns: { id: SQLiteColumn<{ name: "id"; tableName: "friendships"; dataType: "number"; columnType: "SQLiteInteger"; data: number; driverParam: number; notNull: true; ... 7 more ...; generated: undefined; }, {}, {}>; ... 4 more ...; updatedAt: SQLiteCo...'.
src/app/api/friends/search/route.ts(51,74): error TS2339: Property 'addresseeId' does not exist on type 'SQLiteTableWithColumns<{ name: "friendships"; schema: undefined; columns: { id: SQLiteColumn<{ name: "id"; tableName: "friendships"; dataType: "number"; columnType: "SQLiteInteger"; data: number; driverParam: number; notNull: true; ... 7 more ...; generated: undefined; }, {}, {}>; ... 4 more ...; updatedAt: SQLiteCo...'.
src/app/api/friends/search/route.ts(52,30): error TS2339: Property 'addresseeId' does not exist on type 'SQLiteTableWithColumns<{ name: "friendships"; schema: undefined; columns: { id: SQLiteColumn<{ name: "id"; tableName: "friendships"; dataType: "number"; columnType: "SQLiteInteger"; data: number; driverParam: number; notNull: true; ... 7 more ...; generated: undefined; }, {}, {}>; ... 4 more ...; updatedAt: SQLiteCo...'.
src/app/api/friends/search/route.ts(52,74): error TS2339: Property 'requesterId' does not exist on type 'SQLiteTableWithColumns<{ name: "friendships"; schema: undefined; columns: { id: SQLiteColumn<{ name: "id"; tableName: "friendships"; dataType: "number"; columnType: "SQLiteInteger"; data: number; driverParam: number; notNull: true; ... 7 more ...; generated: undefined; }, {}, {}>; ... 4 more ...; updatedAt: SQLiteCo...'.
src/app/api/messages/route.ts(32,76): error TS2339: Property 'receiverId' does not exist on type 'SQLiteTableWithColumns<{ name: "private_messages"; schema: undefined; columns: { id: SQLiteColumn<{ name: "id"; tableName: "private_messages"; dataType: "number"; columnType: "SQLiteInteger"; data: number; driverParam: number; ... 8 more ...; generated: undefined; }, {}, {}>; ... 4 more ...; createdAt: SQLiteColumn<...'.
src/app/api/messages/route.ts(33,75): error TS2339: Property 'receiverId' does not exist on type 'SQLiteTableWithColumns<{ name: "private_messages"; schema: undefined; columns: { id: SQLiteColumn<{ name: "id"; tableName: "private_messages"; dataType: "number"; columnType: "SQLiteInteger"; data: number; driverParam: number; ... 8 more ...; generated: undefined; }, {}, {}>; ... 4 more ...; createdAt: SQLiteColumn<...'.
src/app/api/messages/route.ts(47,37): error TS2339: Property 'receiverId' does not exist on type 'SQLiteTableWithColumns<{ name: "private_messages"; schema: undefined; columns: { id: SQLiteColumn<{ name: "id"; tableName: "private_messages"; dataType: "number"; columnType: "SQLiteInteger"; data: number; driverParam: number; ... 8 more ...; generated: undefined; }, {}, {}>; ... 4 more ...; createdAt: SQLiteColumn<...'.
src/app/api/messages/route.ts(53,71): error TS2339: Property 'receiverId' does not exist on type 'SQLiteTableWithColumns<{ name: "private_messages"; schema: undefined; columns: { id: SQLiteColumn<{ name: "id"; tableName: "private_messages"; dataType: "number"; columnType: "SQLiteInteger"; data: number; driverParam: number; ... 8 more ...; generated: undefined; }, {}, {}>; ... 4 more ...; createdAt: SQLiteColumn<...'.
src/app/api/messages/route.ts(125,8): error TS2769: No overload matches this call.
  Overload 1 of 2, '(value: { content: string | SQL<unknown> | Placeholder<string, any>; senderId: number | SQL<unknown> | Placeholder<string, any>; recipientId: number | SQL<unknown> | Placeholder<...>; id?: number | ... 2 more ... | undefined; createdAt?: SQL<...> | ... 2 more ... | undefined; read?: boolean | ... 2 more ... | undefined; }): SQLiteInsertBase<...>', gave the following error.
    Object literal may only specify known properties, and 'receiverId' does not exist in type '{ content: string | SQL<unknown> | Placeholder<string, any>; senderId: number | SQL<unknown> | Placeholder<string, any>; recipientId: number | SQL<unknown> | Placeholder<...>; id?: number | ... 2 more ... | undefined; createdAt?: SQL<...> | ... 2 more ... | undefined; read?: boolean | ... 2 more ... | undefined; }'.
  Overload 2 of 2, '(values: { content: string | SQL<unknown> | Placeholder<string, any>; senderId: number | SQL<unknown> | Placeholder<string, any>; recipientId: number | SQL<unknown> | Placeholder<...>; id?: number | ... 2 more ... | undefined; createdAt?: SQL<...> | ... 2 more ... | undefined; read?: boolean | ... 2 more ... | undefined; }[]): SQLiteInsertBase<...>', gave the following error.
    Object literal may only specify known properties, and 'senderId' does not exist in type '{ content: string | SQL<unknown> | Placeholder<string, any>; senderId: number | SQL<unknown> | Placeholder<string, any>; recipientId: number | SQL<unknown> | Placeholder<...>; id?: number | ... 2 more ... | undefined; createdAt?: SQL<...> | ... 2 more ... | undefined; read?: boolean | ... 2 more ... | undefined; }[]'.
src/app/api/minecraft/sync/xp/route.ts(105,29): error TS2353: Object literal may only specify known properties, and 'amount' does not exist in type '{ userId?: number | SQL<unknown> | SQLiteColumn<ColumnBaseConfig<ColumnDataType, string>, {}, {}> | undefined; serverId?: number | SQL<...> | SQLiteColumn<...> | undefined; ... 5 more ...; lastSyncedAt?: SQL<...> | ... 2 more ... | undefined; }'.
src/app/api/minecraft/sync/xp/route.ts(111,47): error TS2769: No overload matches this call.
  Overload 1 of 2, '(value: { userId: number | SQL<unknown> | Placeholder<string, any>; serverId: number | SQL<unknown> | Placeholder<string, any>; id?: number | SQL<unknown> | Placeholder<...> | undefined; ... 4 more ...; lastSyncedAt?: SQL<...> | ... 2 more ... | undefined; }): SQLiteInsertBase<...>', gave the following error.
    Object literal may only specify known properties, and 'amount' does not exist in type '{ userId: number | SQL<unknown> | Placeholder<string, any>; serverId: number | SQL<unknown> | Placeholder<string, any>; id?: number | SQL<unknown> | Placeholder<string, any> | undefined; ... 4 more ...; lastSyncedAt?: SQL<...> | ... 2 more ... | undefined; }'.
  Overload 2 of 2, '(values: { userId: number | SQL<unknown> | Placeholder<string, any>; serverId: number | SQL<unknown> | Placeholder<string, any>; id?: number | SQL<unknown> | Placeholder<...> | undefined; ... 4 more ...; lastSyncedAt?: SQL<...> | ... 2 more ... | undefined; }[]): SQLiteInsertBase<...>', gave the following error.
    Object literal may only specify known properties, and 'userId' does not exist in type '{ userId: number | SQL<unknown> | Placeholder<string, any>; serverId: number | SQL<unknown> | Placeholder<string, any>; id?: number | SQL<unknown> | Placeholder<string, any> | undefined; ... 4 more ...; lastSyncedAt?: SQL<...> | ... 2 more ... | undefined; }[]'.
src/app/api/minecraft/sync/xp/route.ts(123,82): error TS2339: Property 'amount' does not exist on type '{ id: number; createdAt: Date; xp: number; level: number; userId: number; serverId: number; playtimeSeconds: number | null; lastSyncedAt: Date; }'.
src/app/api/servers/[id]/route.ts(58,9): error TS2561: Object literal may only specify known properties, but 'address' does not exist in type '{ name?: string | SQL<unknown> | SQLiteColumn<ColumnBaseConfig<ColumnDataType, string>, {}, {}> | undefined; ipAddress?: string | SQL<...> | SQLiteColumn<...> | undefined; ... 14 more ...; apiKey?: string | ... 3 more ... | undefined; }'. Did you mean to write 'ipAddress'?
src/app/api/servers/[id]/uptime/route.ts(77,33): error TS2551: Property 'address' does not exist on type '{ id: number; name: string; description: string | null; ipAddress: string; port: number; hidePort: boolean; modpackName: string | null; bluemapUrl: string | null; curseforgeUrl: string | null; ... 7 more ...; updatedAt: Date; }'. Did you mean 'ipAddress'?
src/app/api/servers/route.ts(16,26): error TS2551: Property 'address' does not exist on type 'SQLiteTableWithColumns<{ name: "servers"; schema: undefined; columns: { id: SQLiteColumn<{ name: "id"; tableName: "servers"; dataType: "number"; columnType: "SQLiteInteger"; data: number; driverParam: number; notNull: true; hasDefault: true; ... 6 more ...; generated: undefined; }, {}, {}>; ... 15 more ...; updatedA...'. Did you mean 'ipAddress'?
src/app/api/servers/route.ts(67,50): error TS2769: No overload matches this call.
  Overload 1 of 2, '(value: { name: string | SQL<unknown> | Placeholder<string, any>; ipAddress: string | SQL<unknown> | Placeholder<string, any>; id?: number | SQL<unknown> | Placeholder<...> | undefined; ... 13 more ...; apiKey?: string | ... 3 more ... | undefined; }): SQLiteInsertBase<...>', gave the following error.
    Object literal may only specify known properties, but 'address' does not exist in type '{ name: string | SQL<unknown> | Placeholder<string, any>; ipAddress: string | SQL<unknown> | Placeholder<string, any>; id?: number | SQL<unknown> | Placeholder<string, any> | undefined; ... 13 more ...; apiKey?: string | ... 3 more ... | undefined; }'. Did you mean to write 'ipAddress'?
  Overload 2 of 2, '(values: { name: string | SQL<unknown> | Placeholder<string, any>; ipAddress: string | SQL<unknown> | Placeholder<string, any>; id?: number | SQL<unknown> | Placeholder<...> | undefined; ... 13 more ...; apiKey?: string | ... 3 more ... | undefined; }[]): SQLiteInsertBase<...>', gave the following error.
    Object literal may only specify known properties, and 'name' does not exist in type '{ name: string | SQL<unknown> | Placeholder<string, any>; ipAddress: string | SQL<unknown> | Placeholder<string, any>; id?: number | SQL<unknown> | Placeholder<string, any> | undefined; ... 13 more ...; apiKey?: string | ... 3 more ... | undefined; }[]'.
src/app/api/servers/status/route.ts(64,50): error TS2551: Property 'address' does not exist on type '{ id: number; name: string; description: string | null; ipAddress: string; port: number; hidePort: boolean; modpackName: string | null; bluemapUrl: string | null; curseforgeUrl: string | null; ... 7 more ...; updatedAt: Date; }'. Did you mean 'ipAddress'?
src/app/api/servers/status/route.ts(68,71): error TS2551: Property 'address' does not exist on type '{ id: number; name: string; description: string | null; ipAddress: string; port: number; hidePort: boolean; modpackName: string | null; bluemapUrl: string | null; curseforgeUrl: string | null; ... 7 more ...; updatedAt: Date; }'. Did you mean 'ipAddress'?
src/app/api/servers/status/route.ts(69,47): error TS2551: Property 'address' does not exist on type '{ id: number; name: string; description: string | null; ipAddress: string; port: number; hidePort: boolean; modpackName: string | null; bluemapUrl: string | null; curseforgeUrl: string | null; ... 7 more ...; updatedAt: Date; }'. Did you mean 'ipAddress'?
src/app/api/servers/status/route.ts(114,25): error TS2551: Property 'address' does not exist on type '{ id: number; name: string; description: string | null; ipAddress: string; port: number; hidePort: boolean; modpackName: string | null; bluemapUrl: string | null; curseforgeUrl: string | null; ... 7 more ...; updatedAt: Date; }'. Did you mean 'ipAddress'?
src/app/api/social/posts/[id]/like/route.ts(44,14): error TS2339: Property 'authorId' does not exist on type '{ id: number; userId: number; content: string; imageUrl: string | null; likesCount: number; commentsCount: number; createdAt: Date; updatedAt: Date; }'.
src/app/api/social/posts/[id]/like/route.ts(54,14): error TS2353: Object literal may only specify known properties, and 'likes' does not exist in type '{ userId?: number | SQL<unknown> | SQLiteColumn<ColumnBaseConfig<ColumnDataType, string>, {}, {}> | undefined; content?: string | SQL<...> | SQLiteColumn<...> | undefined; ... 5 more ...; commentsCount?: number | ... 2 more ... | undefined; }'.
src/app/api/social/posts/[id]/like/route.ts(54,48): error TS2339: Property 'likes' does not exist on type 'SQLiteTableWithColumns<{ name: "social_posts"; schema: undefined; columns: { id: SQLiteColumn<{ name: "id"; tableName: "social_posts"; dataType: "number"; columnType: "SQLiteInteger"; data: number; driverParam: number; notNull: true; ... 7 more ...; generated: undefined; }, {}, {}>; ... 6 more ...; updatedAt: SQLite...'.
src/app/api/social/posts/[id]/like/route.ts(65,33): error TS2339: Property 'authorId' does not exist on type '{ id: number; userId: number; content: string; imageUrl: string | null; likesCount: number; commentsCount: number; createdAt: Date; updatedAt: Date; }'.
src/app/api/social/posts/[id]/like/route.ts(85,36): error TS2339: Property 'likes' does not exist on type 'SQLiteTableWithColumns<{ name: "social_posts"; schema: undefined; columns: { id: SQLiteColumn<{ name: "id"; tableName: "social_posts"; dataType: "number"; columnType: "SQLiteInteger"; data: number; driverParam: number; notNull: true; ... 7 more ...; generated: undefined; }, {}, {}>; ... 6 more ...; updatedAt: SQLite...'.
src/app/api/social/posts/[id]/route.ts(25,28): error TS2339: Property 'likes' does not exist on type 'SQLiteTableWithColumns<{ name: "social_posts"; schema: undefined; columns: { id: SQLiteColumn<{ name: "id"; tableName: "social_posts"; dataType: "number"; columnType: "SQLiteInteger"; data: number; driverParam: number; notNull: true; ... 7 more ...; generated: undefined; }, {}, {}>; ... 6 more ...; updatedAt: SQLite...'.
src/app/api/social/posts/[id]/route.ts(27,31): error TS2339: Property 'authorId' does not exist on type 'SQLiteTableWithColumns<{ name: "social_posts"; schema: undefined; columns: { id: SQLiteColumn<{ name: "id"; tableName: "social_posts"; dataType: "number"; columnType: "SQLiteInteger"; data: number; driverParam: number; notNull: true; ... 7 more ...; generated: undefined; }, {}, {}>; ... 6 more ...; updatedAt: SQLite...'.
src/app/api/social/posts/[id]/route.ts(33,39): error TS2339: Property 'authorId' does not exist on type 'SQLiteTableWithColumns<{ name: "social_posts"; schema: undefined; columns: { id: SQLiteColumn<{ name: "id"; tableName: "social_posts"; dataType: "number"; columnType: "SQLiteInteger"; data: number; driverParam: number; notNull: true; ... 7 more ...; generated: undefined; }, {}, {}>; ... 6 more ...; updatedAt: SQLite...'.
src/app/api/social/posts/[id]/route.ts(78,14): error TS2339: Property 'authorId' does not exist on type '{ id: number; userId: number; content: string; imageUrl: string | null; likesCount: number; commentsCount: number; createdAt: Date; updatedAt: Date; }'.
src/app/api/social/posts/route.ts(17,28): error TS2339: Property 'likes' does not exist on type 'SQLiteTableWithColumns<{ name: "social_posts"; schema: undefined; columns: { id: SQLiteColumn<{ name: "id"; tableName: "social_posts"; dataType: "number"; columnType: "SQLiteInteger"; data: number; driverParam: number; notNull: true; ... 7 more ...; generated: undefined; }, {}, {}>; ... 6 more ...; updatedAt: SQLite...'.
src/app/api/social/posts/route.ts(19,31): error TS2339: Property 'authorId' does not exist on type 'SQLiteTableWithColumns<{ name: "social_posts"; schema: undefined; columns: { id: SQLiteColumn<{ name: "id"; tableName: "social_posts"; dataType: "number"; columnType: "SQLiteInteger"; data: number; driverParam: number; notNull: true; ... 7 more ...; generated: undefined; }, {}, {}>; ... 6 more ...; updatedAt: SQLite...'.
src/app/api/social/posts/route.ts(25,39): error TS2339: Property 'authorId' does not exist on type 'SQLiteTableWithColumns<{ name: "social_posts"; schema: undefined; columns: { id: SQLiteColumn<{ name: "id"; tableName: "social_posts"; dataType: "number"; columnType: "SQLiteInteger"; data: number; driverParam: number; notNull: true; ... 7 more ...; generated: undefined; }, {}, {}>; ... 6 more ...; updatedAt: SQLite...'.
src/app/api/social/posts/route.ts(71,7): error TS2769: No overload matches this call.
  Overload 1 of 2, '(value: { userId: number | SQL<unknown> | Placeholder<string, any>; content: string | SQL<unknown> | Placeholder<string, any>; id?: number | SQL<unknown> | Placeholder<...> | undefined; ... 4 more ...; commentsCount?: number | ... 2 more ... | undefined; }): SQLiteInsertBase<...>', gave the following error.
    Object literal may only specify known properties, and 'authorId' does not exist in type '{ userId: number | SQL<unknown> | Placeholder<string, any>; content: string | SQL<unknown> | Placeholder<string, any>; id?: number | SQL<unknown> | Placeholder<string, any> | undefined; ... 4 more ...; commentsCount?: number | ... 2 more ... | undefined; }'.
  Overload 2 of 2, '(values: { userId: number | SQL<unknown> | Placeholder<string, any>; content: string | SQL<unknown> | Placeholder<string, any>; id?: number | SQL<unknown> | Placeholder<...> | undefined; ... 4 more ...; commentsCount?: number | ... 2 more ... | undefined; }[]): SQLiteInsertBase<...>', gave the following error.
    Object literal may only specify known properties, and 'authorId' does not exist in type '{ userId: number | SQL<unknown> | Placeholder<string, any>; content: string | SQL<unknown> | Placeholder<string, any>; id?: number | SQL<unknown> | Placeholder<string, any> | undefined; ... 4 more ...; commentsCount?: number | ... 2 more ... | undefined; }[]'.
src/app/api/stripe/create-checkout/route.ts(89,28): error TS2339: Property 'priceMonth' does not exist on type '{ id: string; name: string; minAmount: number; color: string; textColor: string; icon: string | null; badge: string | null; glow: boolean; duration: number; subtitle: string | null; perks: string | null; ... 6 more ...; updatedAt: Date; }'.
src/app/api/stripe/create-checkout/route.ts(90,31): error TS2339: Property 'stripePriceId' does not exist on type '{ id: string; name: string; minAmount: number; color: string; textColor: string; icon: string | null; badge: string | null; glow: boolean; duration: number; subtitle: string | null; perks: string | null; ... 6 more ...; updatedAt: Date; }'.
src/app/api/stripe/create-checkout/route.ts(106,43): error TS2339: Property 'priceMonth' does not exist on type '{ id: string; name: string; minAmount: number; color: string; textColor: string; icon: string | null; badge: string | null; glow: boolean; duration: number; subtitle: string | null; perks: string | null; ... 6 more ...; updatedAt: Date; }'.
src/app/api/stripe/webhook/route.ts(156,25): error TS2339: Property 'stripePaymentIntentId' does not exist on type 'SQLiteTableWithColumns<{ name: "donations"; schema: undefined; columns: { id: SQLiteColumn<{ name: "id"; tableName: "donations"; dataType: "number"; columnType: "SQLiteInteger"; data: number; driverParam: number; notNull: true; ... 7 more ...; generated: undefined; }, {}, {}>; ... 18 more ...; createdAt: SQLiteColum...'.
src/app/api/stripe/webhook/route.ts(237,30): error TS2769: No overload matches this call.
  Overload 1 of 2, '(value: { amount: number | SQL<unknown> | Placeholder<string, any>; id?: number | SQL<unknown> | Placeholder<string, any> | undefined; minecraftUsername?: string | SQL<...> | Placeholder<...> | null | undefined; ... 16 more ...; stripePriceId?: string | ... 3 more ... | undefined; }): SQLiteInsertBase<...>', gave the following error.
    Type '"succeeded"' is not assignable to type 'SQL<unknown> | "pending" | "completed" | "failed" | "refunded" | Placeholder<string, any> | undefined'.
  Overload 2 of 2, '(values: { amount: number | SQL<unknown> | Placeholder<string, any>; id?: number | SQL<unknown> | Placeholder<string, any> | undefined; minecraftUsername?: string | SQL<...> | Placeholder<...> | null | undefined; ... 16 more ...; stripePriceId?: string | ... 3 more ... | undefined; }[]): SQLiteInsertBase<...>', gave the following error.
    Object literal may only specify known properties, and 'userId' does not exist in type '{ amount: number | SQL<unknown> | Placeholder<string, any>; id?: number | SQL<unknown> | Placeholder<string, any> | undefined; minecraftUsername?: string | SQL<...> | Placeholder<...> | null | undefined; ... 16 more ...; stripePriceId?: string | ... 3 more ... | undefined; }[]'.
src/app/api/stripe/webhook/route.ts(372,25): error TS2339: Property 'stripePaymentIntentId' does not exist on type 'SQLiteTableWithColumns<{ name: "donations"; schema: undefined; columns: { id: SQLiteColumn<{ name: "id"; tableName: "donations"; dataType: "number"; columnType: "SQLiteInteger"; data: number; driverParam: number; notNull: true; ... 7 more ...; generated: undefined; }, {}, {}>; ... 18 more ...; createdAt: SQLiteColum...'.
src/app/api/stripe/webhook/route.ts(452,30): error TS2769: No overload matches this call.
  Overload 1 of 2, '(value: { amount: number | SQL<unknown> | Placeholder<string, any>; id?: number | SQL<unknown> | Placeholder<string, any> | undefined; minecraftUsername?: string | SQL<...> | Placeholder<...> | null | undefined; ... 16 more ...; stripePriceId?: string | ... 3 more ... | undefined; }): SQLiteInsertBase<...>', gave the following error.
    Type '"succeeded"' is not assignable to type 'SQL<unknown> | "pending" | "completed" | "failed" | "refunded" | Placeholder<string, any> | undefined'.
  Overload 2 of 2, '(values: { amount: number | SQL<unknown> | Placeholder<string, any>; id?: number | SQL<unknown> | Placeholder<string, any> | undefined; minecraftUsername?: string | SQL<...> | Placeholder<...> | null | undefined; ... 16 more ...; stripePriceId?: string | ... 3 more ... | undefined; }[]): SQLiteInsertBase<...>', gave the following error.
    Object literal may only specify known properties, and 'userId' does not exist in type '{ amount: number | SQL<unknown> | Placeholder<string, any>; id?: number | SQL<unknown> | Placeholder<string, any> | undefined; minecraftUsername?: string | SQL<...> | Placeholder<...> | null | undefined; ... 16 more ...; stripePriceId?: string | ... 3 more ... | undefined; }[]'.
src/app/api/user/subscription/route.ts(74,22): error TS2339: Property 'weight' does not exist on type '{ id: string; name: string; minAmount: number; color: string; textColor: string; icon: string | null; badge: string | null; glow: boolean; duration: number; subtitle: string | null; perks: string | null; ... 6 more ...; updatedAt: Date; }'.
src/app/api/users/me/route.ts(55,17): error TS2353: Object literal may only specify known properties, and 'amount' does not exist in type '{ id?: boolean | undefined; userId?: boolean | undefined; serverId?: boolean | undefined; xp?: boolean | undefined; level?: boolean | undefined; playtimeSeconds?: boolean | undefined; lastSyncedAt?: boolean | undefined; createdAt?: boolean | undefined; }'.
src/app/api/users/me/route.ts(60,34): error TS2339: Property 'amount' does not exist on type '{ id: number; createdAt: Date; xp: number; level: number; userId: number; serverId: number; playtimeSeconds: number | null; lastSyncedAt: Date; }'.
src/app/api/users/me/route.ts(70,40): error TS2339: Property 'requesterId' does not exist on type 'SQLiteTableWithColumns<{ name: "friendships"; schema: undefined; columns: { id: SQLiteColumn<{ name: "id"; tableName: "friendships"; dataType: "number"; columnType: "SQLiteInteger"; data: number; driverParam: number; notNull: true; ... 7 more ...; generated: undefined; }, {}, {}>; ... 4 more ...; updatedAt: SQLiteCo...'.
src/app/api/users/me/route.ts(71,40): error TS2339: Property 'addresseeId' does not exist on type 'SQLiteTableWithColumns<{ name: "friendships"; schema: undefined; columns: { id: SQLiteColumn<{ name: "id"; tableName: "friendships"; dataType: "number"; columnType: "SQLiteInteger"; data: number; driverParam: number; notNull: true; ... 7 more ...; generated: undefined; }, {}, {}>; ... 4 more ...; updatedAt: SQLiteCo...'.
src/lib/stripe.ts(283,12): error TS2353: Object literal may only specify known properties, and 'stripePriceId' does not exist in type '{ id?: string | SQL<unknown> | SQLiteColumn<ColumnBaseConfig<ColumnDataType, string>, {}, {}> | undefined; name?: string | SQL<...> | SQLiteColumn<...> | undefined; ... 15 more ...; updatedAt?: SQL<...> | ... 2 more ... | undefined; }'.
