src/app/api/cron/uptime/route.ts(270,33): error TS2551: Property 'address' does not exist on type '{ id: number; name: string; description: string | null; ipAddress: string; port: number; hidePort: boolean; modpackName: string | null; bluemapUrl: string | null; curseforgeUrl: string | null; ... 7 more ...; updatedAt: Date; }'. Did you mean 'ipAddress'?
src/app/api/cron/uptime/route.ts(300,21): error TS2353: Object literal may only specify known properties, and 'online' does not exist in type '{ name?: string | SQL<unknown> | SQLiteColumn<ColumnBaseConfig<ColumnDataType, string>, {}, {}> | undefined; ipAddress?: string | SQL<...> | SQLiteColumn<...> | undefined; ... 14 more ...; apiKey?: string | ... 3 more ... | undefined; }'.
src/app/api/donation-ranks/route.ts(15,34): error TS2339: Property 'priceMonth' does not exist on type 'SQLiteTableWithColumns<{ name: "donation_ranks"; schema: undefined; columns: { id: SQLiteColumn<{ name: "id"; tableName: "donation_ranks"; dataType: "string"; columnType: "SQLiteText"; data: string; driverParam: string; notNull: true; ... 7 more ...; generated: undefined; }, {}, { ...; }>; ... 16 more ...; updatedAt...'.
src/app/api/donation-ranks/route.ts(20,22): error TS2339: Property 'features' does not exist on type '{ id: string; name: string; minAmount: number; color: string; textColor: string; icon: string | null; badge: string | null; glow: boolean; duration: number; subtitle: string | null; perks: string | null; ... 6 more ...; updatedAt: Date; }'.
src/app/api/donation-ranks/route.ts(20,49): error TS2339: Property 'features' does not exist on type '{ id: string; name: string; minAmount: number; color: string; textColor: string; icon: string | null; badge: string | null; glow: boolean; duration: number; subtitle: string | null; perks: string | null; ... 6 more ...; updatedAt: Date; }'.
src/app/api/events/[id]/route.ts(29,28): error TS2339: Property 'banner' does not exist on type 'SQLiteTableWithColumns<{ name: "events"; schema: undefined; columns: { id: SQLiteColumn<{ name: "id"; tableName: "events"; dataType: "number"; columnType: "SQLiteInteger"; data: number; driverParam: number; notNull: true; hasDefault: true; ... 6 more ...; generated: undefined; }, {}, {}>; ... 7 more ...; createdAt: ...'.
src/app/api/events/[id]/route.ts(31,27): error TS2339: Property 'hostId' does not exist on type 'SQLiteTableWithColumns<{ name: "events"; schema: undefined; columns: { id: SQLiteColumn<{ name: "id"; tableName: "events"; dataType: "number"; columnType: "SQLiteInteger"; data: number; driverParam: number; notNull: true; hasDefault: true; ... 6 more ...; generated: undefined; }, {}, {}>; ... 7 more ...; createdAt: ...'.
src/app/api/events/[id]/route.ts(36,34): error TS2339: Property 'hostId' does not exist on type 'SQLiteTableWithColumns<{ name: "events"; schema: undefined; columns: { id: SQLiteColumn<{ name: "id"; tableName: "events"; dataType: "number"; columnType: "SQLiteInteger"; data: number; driverParam: number; notNull: true; hasDefault: true; ... 6 more ...; generated: undefined; }, {}, {}>; ... 7 more ...; createdAt: ...'.
src/app/api/events/[id]/route.ts(80,9): error TS2353: Object literal may only specify known properties, and 'banner' does not exist in type '{ title?: string | SQL<unknown> | SQLiteColumn<ColumnBaseConfig<ColumnDataType, string>, {}, {}> | undefined; creatorId?: number | SQL<...> | SQLiteColumn<...> | undefined; ... 6 more ...; endTime?: SQL<...> | ... 3 more ... | undefined; }'.
src/app/api/events/route.ts(22,28): error TS2339: Property 'banner' does not exist on type 'SQLiteTableWithColumns<{ name: "events"; schema: undefined; columns: { id: SQLiteColumn<{ name: "id"; tableName: "events"; dataType: "number"; columnType: "SQLiteInteger"; data: number; driverParam: number; notNull: true; hasDefault: true; ... 6 more ...; generated: undefined; }, {}, {}>; ... 7 more ...; createdAt: ...'.
src/app/api/events/route.ts(24,27): error TS2339: Property 'hostId' does not exist on type 'SQLiteTableWithColumns<{ name: "events"; schema: undefined; columns: { id: SQLiteColumn<{ name: "id"; tableName: "events"; dataType: "number"; columnType: "SQLiteInteger"; data: number; driverParam: number; notNull: true; hasDefault: true; ... 6 more ...; generated: undefined; }, {}, {}>; ... 7 more ...; createdAt: ...'.
src/app/api/events/route.ts(31,34): error TS2339: Property 'hostId' does not exist on type 'SQLiteTableWithColumns<{ name: "events"; schema: undefined; columns: { id: SQLiteColumn<{ name: "id"; tableName: "events"; dataType: "number"; columnType: "SQLiteInteger"; data: number; driverParam: number; notNull: true; hasDefault: true; ... 6 more ...; generated: undefined; }, {}, {}>; ... 7 more ...; createdAt: ...'.
src/app/api/events/route.ts(77,8): error TS2769: No overload matches this call.
  Overload 1 of 2, '(value: { title: string | SQL<unknown> | Placeholder<string, any>; creatorId: number | SQL<unknown> | Placeholder<string, any>; startTime: SQL<unknown> | Date | Placeholder<...>; ... 5 more ...; endTime?: SQL<...> | ... 3 more ... | undefined; }): SQLiteInsertBase<...>', gave the following error.
    Object literal may only specify known properties, and 'banner' does not exist in type '{ title: string | SQL<unknown> | Placeholder<string, any>; creatorId: number | SQL<unknown> | Placeholder<string, any>; startTime: SQL<unknown> | Date | Placeholder<...>; ... 5 more ...; endTime?: SQL<...> | ... 3 more ... | undefined; }'.
  Overload 2 of 2, '(values: { title: string | SQL<unknown> | Placeholder<string, any>; creatorId: number | SQL<unknown> | Placeholder<string, any>; startTime: SQL<unknown> | Date | Placeholder<...>; ... 5 more ...; endTime?: SQL<...> | ... 3 more ... | undefined; }[]): SQLiteInsertBase<...>', gave the following error.
    Object literal may only specify known properties, and 'title' does not exist in type '{ title: string | SQL<unknown> | Placeholder<string, any>; creatorId: number | SQL<unknown> | Placeholder<string, any>; startTime: SQL<unknown> | Date | Placeholder<...>; ... 5 more ...; endTime?: SQL<...> | ... 3 more ... | undefined; }[]'.
src/app/api/forum/posts/route.ts(106,51): error TS2769: No overload matches this call.
  Overload 1 of 2, '(value: { title: string | SQL<unknown> | Placeholder<string, any>; categoryId: number | SQL<unknown> | Placeholder<string, any>; content: string | SQL<unknown> | Placeholder<...>; ... 6 more ...; views?: number | ... 2 more ... | undefined; }): SQLiteInsertBase<...>', gave the following error.
    Object literal may only specify known properties, and 'slug' does not exist in type '{ title: string | SQL<unknown> | Placeholder<string, any>; categoryId: number | SQL<unknown> | Placeholder<string, any>; content: string | SQL<unknown> | Placeholder<...>; ... 6 more ...; views?: number | ... 2 more ... | undefined; }'.
  Overload 2 of 2, '(values: { title: string | SQL<unknown> | Placeholder<string, any>; categoryId: number | SQL<unknown> | Placeholder<string, any>; content: string | SQL<unknown> | Placeholder<...>; ... 6 more ...; views?: number | ... 2 more ... | undefined; }[]): SQLiteInsertBase<...>', gave the following error.
    Object literal may only specify known properties, and 'title' does not exist in type '{ title: string | SQL<unknown> | Placeholder<string, any>; categoryId: number | SQL<unknown> | Placeholder<string, any>; content: string | SQL<unknown> | Placeholder<...>; ... 6 more ...; views?: number | ... 2 more ... | undefined; }[]'.
src/app/api/minecraft/sync/xp/route.ts(105,29): error TS2353: Object literal may only specify known properties, and 'amount' does not exist in type '{ userId?: number | SQL<unknown> | SQLiteColumn<ColumnBaseConfig<ColumnDataType, string>, {}, {}> | undefined; serverId?: number | SQL<...> | SQLiteColumn<...> | undefined; ... 5 more ...; lastSyncedAt?: SQL<...> | ... 2 more ... | undefined; }'.
src/app/api/minecraft/sync/xp/route.ts(111,47): error TS2769: No overload matches this call.
  Overload 1 of 2, '(value: { userId: number | SQL<unknown> | Placeholder<string, any>; serverId: number | SQL<unknown> | Placeholder<string, any>; id?: number | SQL<unknown> | Placeholder<...> | undefined; ... 4 more ...; lastSyncedAt?: SQL<...> | ... 2 more ... | undefined; }): SQLiteInsertBase<...>', gave the following error.
    Object literal may only specify known properties, and 'amount' does not exist in type '{ userId: number | SQL<unknown> | Placeholder<string, any>; serverId: number | SQL<unknown> | Placeholder<string, any>; id?: number | SQL<unknown> | Placeholder<string, any> | undefined; ... 4 more ...; lastSyncedAt?: SQL<...> | ... 2 more ... | undefined; }'.
  Overload 2 of 2, '(values: { userId: number | SQL<unknown> | Placeholder<string, any>; serverId: number | SQL<unknown> | Placeholder<string, any>; id?: number | SQL<unknown> | Placeholder<...> | undefined; ... 4 more ...; lastSyncedAt?: SQL<...> | ... 2 more ... | undefined; }[]): SQLiteInsertBase<...>', gave the following error.
    Object literal may only specify known properties, and 'userId' does not exist in type '{ userId: number | SQL<unknown> | Placeholder<string, any>; serverId: number | SQL<unknown> | Placeholder<string, any>; id?: number | SQL<unknown> | Placeholder<string, any> | undefined; ... 4 more ...; lastSyncedAt?: SQL<...> | ... 2 more ... | undefined; }[]'.
src/app/api/minecraft/sync/xp/route.ts(123,82): error TS2339: Property 'amount' does not exist on type '{ id: number; createdAt: Date; xp: number; level: number; userId: number; serverId: number; playtimeSeconds: number | null; lastSyncedAt: Date; }'.
src/app/api/servers/[id]/route.ts(58,9): error TS2561: Object literal may only specify known properties, but 'address' does not exist in type '{ name?: string | SQL<unknown> | SQLiteColumn<ColumnBaseConfig<ColumnDataType, string>, {}, {}> | undefined; ipAddress?: string | SQL<...> | SQLiteColumn<...> | undefined; ... 14 more ...; apiKey?: string | ... 3 more ... | undefined; }'. Did you mean to write 'ipAddress'?
src/app/api/servers/[id]/uptime/route.ts(77,33): error TS2551: Property 'address' does not exist on type '{ id: number; name: string; description: string | null; ipAddress: string; port: number; hidePort: boolean; modpackName: string | null; bluemapUrl: string | null; curseforgeUrl: string | null; ... 7 more ...; updatedAt: Date; }'. Did you mean 'ipAddress'?
src/app/api/servers/status/route.ts(64,50): error TS2551: Property 'address' does not exist on type '{ id: number; name: string; description: string | null; ipAddress: string; port: number; hidePort: boolean; modpackName: string | null; bluemapUrl: string | null; curseforgeUrl: string | null; ... 7 more ...; updatedAt: Date; }'. Did you mean 'ipAddress'?
src/app/api/servers/status/route.ts(68,71): error TS2551: Property 'address' does not exist on type '{ id: number; name: string; description: string | null; ipAddress: string; port: number; hidePort: boolean; modpackName: string | null; bluemapUrl: string | null; curseforgeUrl: string | null; ... 7 more ...; updatedAt: Date; }'. Did you mean 'ipAddress'?
src/app/api/servers/status/route.ts(69,47): error TS2551: Property 'address' does not exist on type '{ id: number; name: string; description: string | null; ipAddress: string; port: number; hidePort: boolean; modpackName: string | null; bluemapUrl: string | null; curseforgeUrl: string | null; ... 7 more ...; updatedAt: Date; }'. Did you mean 'ipAddress'?
src/app/api/servers/status/route.ts(114,25): error TS2551: Property 'address' does not exist on type '{ id: number; name: string; description: string | null; ipAddress: string; port: number; hidePort: boolean; modpackName: string | null; bluemapUrl: string | null; curseforgeUrl: string | null; ... 7 more ...; updatedAt: Date; }'. Did you mean 'ipAddress'?
src/app/api/stripe/create-checkout/route.ts(89,28): error TS2339: Property 'priceMonth' does not exist on type '{ id: string; name: string; minAmount: number; color: string; textColor: string; icon: string | null; badge: string | null; glow: boolean; duration: number; subtitle: string | null; perks: string | null; ... 6 more ...; updatedAt: Date; }'.
src/app/api/stripe/create-checkout/route.ts(90,11): error TS2353: Object literal may only specify known properties, and 'stripePriceId' does not exist in type '{ id: string; name: string; priceMonth: number | null; stripePriceMonthly: string | null; }'.
src/app/api/stripe/create-checkout/route.ts(90,31): error TS2339: Property 'stripePriceId' does not exist on type '{ id: string; name: string; minAmount: number; color: string; textColor: string; icon: string | null; badge: string | null; glow: boolean; duration: number; subtitle: string | null; perks: string | null; ... 6 more ...; updatedAt: Date; }'.
src/app/api/stripe/create-checkout/route.ts(106,43): error TS2339: Property 'priceMonth' does not exist on type '{ id: string; name: string; minAmount: number; color: string; textColor: string; icon: string | null; badge: string | null; glow: boolean; duration: number; subtitle: string | null; perks: string | null; ... 6 more ...; updatedAt: Date; }'.
src/app/api/stripe/webhook/route.ts(156,25): error TS2339: Property 'stripePaymentIntentId' does not exist on type 'SQLiteTableWithColumns<{ name: "donations"; schema: undefined; columns: { id: SQLiteColumn<{ name: "id"; tableName: "donations"; dataType: "number"; columnType: "SQLiteInteger"; data: number; driverParam: number; notNull: true; ... 7 more ...; generated: undefined; }, {}, {}>; ... 18 more ...; createdAt: SQLiteColum...'.
src/app/api/stripe/webhook/route.ts(237,30): error TS2769: No overload matches this call.
  Overload 1 of 2, '(value: { amount: number | SQL<unknown> | Placeholder<string, any>; id?: number | SQL<unknown> | Placeholder<string, any> | undefined; minecraftUsername?: string | SQL<...> | Placeholder<...> | null | undefined; ... 16 more ...; stripePriceId?: string | ... 3 more ... | undefined; }): SQLiteInsertBase<...>', gave the following error.
    Type '"succeeded"' is not assignable to type 'SQL<unknown> | "pending" | "completed" | "failed" | "refunded" | Placeholder<string, any> | undefined'.
  Overload 2 of 2, '(values: { amount: number | SQL<unknown> | Placeholder<string, any>; id?: number | SQL<unknown> | Placeholder<string, any> | undefined; minecraftUsername?: string | SQL<...> | Placeholder<...> | null | undefined; ... 16 more ...; stripePriceId?: string | ... 3 more ... | undefined; }[]): SQLiteInsertBase<...>', gave the following error.
    Object literal may only specify known properties, and 'userId' does not exist in type '{ amount: number | SQL<unknown> | Placeholder<string, any>; id?: number | SQL<unknown> | Placeholder<string, any> | undefined; minecraftUsername?: string | SQL<...> | Placeholder<...> | null | undefined; ... 16 more ...; stripePriceId?: string | ... 3 more ... | undefined; }[]'.
src/app/api/stripe/webhook/route.ts(372,25): error TS2339: Property 'stripePaymentIntentId' does not exist on type 'SQLiteTableWithColumns<{ name: "donations"; schema: undefined; columns: { id: SQLiteColumn<{ name: "id"; tableName: "donations"; dataType: "number"; columnType: "SQLiteInteger"; data: number; driverParam: number; notNull: true; ... 7 more ...; generated: undefined; }, {}, {}>; ... 18 more ...; createdAt: SQLiteColum...'.
src/app/api/stripe/webhook/route.ts(452,30): error TS2769: No overload matches this call.
  Overload 1 of 2, '(value: { amount: number | SQL<unknown> | Placeholder<string, any>; id?: number | SQL<unknown> | Placeholder<string, any> | undefined; minecraftUsername?: string | SQL<...> | Placeholder<...> | null | undefined; ... 16 more ...; stripePriceId?: string | ... 3 more ... | undefined; }): SQLiteInsertBase<...>', gave the following error.
    Type '"succeeded"' is not assignable to type 'SQL<unknown> | "pending" | "completed" | "failed" | "refunded" | Placeholder<string, any> | undefined'.
  Overload 2 of 2, '(values: { amount: number | SQL<unknown> | Placeholder<string, any>; id?: number | SQL<unknown> | Placeholder<string, any> | undefined; minecraftUsername?: string | SQL<...> | Placeholder<...> | null | undefined; ... 16 more ...; stripePriceId?: string | ... 3 more ... | undefined; }[]): SQLiteInsertBase<...>', gave the following error.
    Object literal may only specify known properties, and 'userId' does not exist in type '{ amount: number | SQL<unknown> | Placeholder<string, any>; id?: number | SQL<unknown> | Placeholder<string, any> | undefined; minecraftUsername?: string | SQL<...> | Placeholder<...> | null | undefined; ... 16 more ...; stripePriceId?: string | ... 3 more ... | undefined; }[]'.
src/app/api/user/subscription/route.ts(74,22): error TS2339: Property 'weight' does not exist on type '{ id: string; name: string; minAmount: number; color: string; textColor: string; icon: string | null; badge: string | null; glow: boolean; duration: number; subtitle: string | null; perks: string | null; ... 6 more ...; updatedAt: Date; }'.
